PING: 26 bytes transmitted, received: b'ABCDEFGHIJKLMNOPQRSTUVWXYZ' (0.003075 seconds)
PING: 26 bytes transmitted, received: b'ABCDEFGHIJKLMNOPQRSTUVWXYZ' (0.003083 seconds)
PING: 26 bytes transmitted, received: b'ABCDEFGHIJKLMNOPQRSTUVWXYZ' (0.003070 seconds)
PING: 26 bytes transmitted, received: b'ABCDEFGHIJKLMNOPQRSTUVWXYZ' (0.003100 seconds)
PING: 26 bytes transmitted, received: b'ABCDEFGHIJKLMNOPQRSTUVWXYZ' (0.003115 seconds)
PING: 26 bytes transmitted, received: b'ABCDEFGHIJKLMNOPQRSTUVWXYZ' (0.003080 seconds)
PING: 26 bytes transmitted, received: b'ABCDEFGHIJKLMNOPQRSTUVWXYZ' (0.003090 seconds)
PING: 26 bytes transmitted, received: b'ABCDEFGHIJKLMNOPQRSTUVWXYZ' (0.003084 seconds)
PING: 26 bytes transmitted, received: b'ABCDEFGHIJKLMNOPQRSTUVWXYZ' (0.003310 seconds)
PING: 26 bytes transmitted, received: b'ABCDEFGHIJKLMNOPQRSTUVWXYZ' (0.003452 seconds)
ping: (10, 0, 0.03156304359436035)
Configured: D7A-like Normal Rate (55.555k GFSK)
>>> Capturing 'D7A-like Normal Rate (55.555k GFSK)' for 45s -- toggle the vent now <<<
  ...heartbeat: 20000 iters, 5.0s elapsed, 0 hits so far
  ...heartbeat: 40000 iters, 9.9s elapsed, 0 hits so far
  ...heartbeat: 60000 iters, 14.9s elapsed, 0 hits so far
  ...heartbeat: 80000 iters, 19.8s elapsed, 0 hits so far
  ...heartbeat: 100000 iters, 24.7s elapsed, 0 hits so far
  ...heartbeat: 120000 iters, 29.7s elapsed, 0 hits so far
  ...heartbeat: 140000 iters, 34.6s elapsed, 0 hits so far
  ...heartbeat: 160000 iters, 39.6s elapsed, 0 hits so far
  ...heartbeat: 180000 iters, 44.6s elapsed, 0 hits so far
Done. 0 captures out of 181680 iterations in 45.0s.
(this config's captures are in the combined stdout log; see analyze_sweep.py for per-config breakdown)
Configured: D7A-like Lo Rate (9.6k GFSK)
>>> Capturing 'D7A-like Lo Rate (9.6k GFSK)' for 45s -- toggle the vent now <<<
  ...heartbeat: 20000 iters, 4.8s elapsed, 0 hits so far
  ...heartbeat: 40000 iters, 9.6s elapsed, 0 hits so far
  ...heartbeat: 60000 iters, 14.3s elapsed, 0 hits so far
  ...heartbeat: 80000 iters, 19.1s elapsed, 0 hits so far
  ...heartbeat: 100000 iters, 23.9s elapsed, 0 hits so far
  ...heartbeat: 120000 iters, 28.7s elapsed, 0 hits so far
  ...heartbeat: 140000 iters, 33.4s elapsed, 0 hits so far
  ...heartbeat: 160000 iters, 38.2s elapsed, 0 hits so far
  ...heartbeat: 180000 iters, 42.9s elapsed, 0 hits so far
Done. 0 captures out of 188725 iterations in 45.0s.
(this config's captures are in the combined stdout log; see analyze_sweep.py for per-config breakdown)
Configured: D7A-like Hi Rate (166.6k GFSK)
>>> Capturing 'D7A-like Hi Rate (166.6k GFSK)' for 45s -- toggle the vent now <<<
  ...heartbeat: 20000 iters, 5.3s elapsed, 0 hits so far
  ...heartbeat: 40000 iters, 10.6s elapsed, 0 hits so far
  ...heartbeat: 60000 iters, 15.9s elapsed, 0 hits so far
  ...heartbeat: 80000 iters, 21.3s elapsed, 0 hits so far
1787433165.585727 sweep:D7A-like Hi Rate (166.6k GFSK) RSSI spike: -70.5
  -> 255 0d1da7fcebe16afcf47f810643eeeda0b504e9cc5e8614e3ba56148468ee2d71eb4b53de20da098b10431d01673fb46690223e622fa2d61e791c5a9c52cf7da47934a024cc3044264734a396cb637938faca6a111061e39a1c66e255331d096623cbac3f6f8d0a8041f4c6c904fcc25c78a7c3339934e04ad0602d3242dd6c6235bc6d478830c336cae09988562a278208a033fa2dc3462f35ca4c5ef3436a29b616e256686f5e4e8fe68aff0a99da0f8a1d2f9da66a9e163cdb1b0901851755a4f9b5e82a2a94ccc784e550d04a248a90d56d25ae2841c9f7ca5f10d70433ae35d9a22f553b374d2ddcfc26025def30dcaf5d4fffd6a0c3c964cd241da98d
1787433165.586096 sweep:D7A-like Hi Rate (166.6k GFSK) RSSI spike: -67.5
  -> 255 85051b95195ad0008a855cfd0e2cd94231d606f482544a38d384d0535d3e9b6866acede6b5ae0a89176d3d73f0d49ebd5b4f2ce40dea61181f66ec48c3371bcd79eb9e97e66dea595591303f0bd1400b493f5e9ab268c47dd656f8f7e241c4cbd449f6ac81d1083e054ee955af6502e68eab1bee4c1d82558bb70016a010c3916ef820888c2abd7dd4fce6040396750acaa3f22716115ae533a362a3c7d5452055267d637c9f093cca375df6c855f846b53b3f80d3e356d2e64b0bc971f72dccf52dca608e9b1640163961793a585b4625df236af6ffb1935f8f86d1f0468ac7a1de27db31a9416176ac0bd6388da45bfb5c81284a9aefdb30a8ea60c1dda5
1787433165.586453 sweep:D7A-like Hi Rate (166.6k GFSK) RSSI spike: -73.0
  -> 255 9e650baeecef01c3b76e64dfe2956dfc873921b507e8323fcf039bd9191ba898611a7601698f50051381127daf1c3c27834dcee96085c558f24e390cea42b42fdf2ea14d2534b3b8df6d034dec7f369907556d53ab21a8fefd144141ecce6901f83d5bd8fc88bd2cfe7d21d2985f87556820179f8da4aacc2ca7699b5aaf16d10efc402f9746dbba1229f1c76cc7cbf8b05e1272be7fe8d3eb2c9a977e42981cfc96fb388439711837f30366a05e66c4c4f9107a703a24852a40f011fa6f2545c9085a3e9159d93177a77a2f96bf95aba571cf40d6e792c6e01622ff5cf701cd49a512d26d00d7781e774902af98501b2dd1493a1d46036aab74633828961f
1787433165.6105568 sweep:D7A-like Hi Rate (166.6k GFSK) RSSI spike: -74.0
  -> 255 81e97887dac8cc0defcc4593e799a4414696ae364738b7453898e2acbe9d589828c826f391e7a0cadc87198b52beef92c1cf1cd7c151bbcc24d08df8debbea2f89b7ee3f35348b486f9377378497bc86335b72b069684c84dc9ea995cf3e2777c50d095ea10420c86085a50cf5acc470c5abcf2fe4583ada0a551816872c78892eba4222a02c472681d88b203a19f5780ec29280f1a82dcb6c85f30161e5b2fc9a114c4e1ed20529359a02f11f877d9b382bcdc7ea783704b57b49f0013c8c8b12ccc6ce9b7f1ced316780237ed5eb8555d89be0c6d2c7d0d3a6f0347385156b3a3903bd44b1e2e9acfa8eab14eaa7fc3ff173db2d6722b8e11c6c1a7d37e9
1787433165.6107981 sweep:D7A-like Hi Rate (166.6k GFSK) RSSI spike: -72.0
  -> 255 b00b0cdfa5dab2fdf97de7e9918c7404eb05cf952d8489c97f97a0dbe757ea0eaa6b8d452ff3527390ba7938c3a6889ee400a41a204a2f28ea801de16dbc0de53c111ba06facdc3e9cf789878c1336b70a49b4fd42662a60008a80839a81024aa24c14c57b582adcc0aa830efc839a3008eb54dc5324f4ddb58ec98e2c6610a6617349d9f6450e6fb5e3ee79418f9a64a79170985e39300e2d2e4096c3d294c40fd6dd59127c80c50ae6cf4967b1200ea15184bdaf81fbaf0993c45521f74374f46faf202f4ce68521f7deaa8eeb66a9075fc77efe2ea118069f1254c6b96d56bffdf8031dee1ccec2bdc37658f877972e049ac579145e81782c5dd732d11a
1787433165.6110542 sweep:D7A-like Hi Rate (166.6k GFSK) RSSI spike: -72.5
  -> 255 8f9fe7602cab2e9fae05087baaeb13188dfc078af3ffbf964eba8e0a8ead1da50e649b04d309fa3adc23d71b0d5754485a09de55eb3e63c6b441d3b53777df67be8409e828dabc69bde8c0be2123de5e71054af592ea38f9825da65e75cdea8654650828af582ac8258da94e8684b924a87463af414a4c9ef0b142a093c856f46aadc9969f4c374905e79e979941716f1db6c5b9a7011d891d12e2389443df2feb037f277fabc9bc7b5a0d6e8edd5e00a94b7bcc9c6786c1c47dc0c58d82e38f48e781a294981610c55750ee31d1703b5ef808cde91c4cbd0db72a6aa42c95d16c5d96488bb1f07932a143778cbd310d93a436664a639dce113e729f042b32
1787433165.6113348 sweep:D7A-like Hi Rate (166.6k GFSK) RSSI spike: -75.0
  -> 255 1c5dbe0bcc335dfbe3ea783726c7ffaaaba3d1104e1119ba6f809e190d71958e0e0cb831d7d05999176e7c8a896f9dddd0db0bd0d7b76fecc09c8d8b8109df066c2636d751f86e1ae312b515efa26db5878c15eaca195a19dd6fd835c80fc8711b97fa06fdea1d1f4465a1a53b5ae4a43da07f92df5b8069b9d98caae86846af134cc23ba4bfcaf2ef25613fe014e14761063f981f58cf68d952da49818b864d0a1dc9ff05d580086deb80f1cb9feff59d016525ca11b7fd33d137d2b7b602423b020b4fd56a2178b9898a6015a1809e78d213ee9a550e67ad681c3ad6917d944ad825b1ddffa2a80c5648d773e23d5b9c18f81a3f9b5bb6b3f575bb029476
1787433165.611588 sweep:D7A-like Hi Rate (166.6k GFSK) RSSI spike: -73.5
  -> 255 1d8086ed755b790462f00ae59ef776d6c86c1e47b65d781f505175bfae19f913bb399d40c75a7f0430f7ffef49c745d0009f5a09b3f5fdcf920ffb2acb3f0595989da3c6c0bf657de4737add2ffabae1ed6ad0497d1f82d46f8e7c12814da0c75708834f53e0f5306f1df0c726fc4e16d3e8188bfbefcac138a707ec272ae45e1c28d85d5ce1af6ba073ca7eafbf92cd3d3b656016b8539473f358af6c2eea6dc7bb5c2a3276ccfa2dff2ad91a4222b6d9db4e9beee8af1690778ceab64c16c86df06a05b7f90a01866b4f16e1a016ce766c1495f9a9263175c15bcd37a405224d992327ee60c0223df1080c8f3caf22cbf7ab13bf9c2da637e7a469181556
1787433165.65296 sweep:D7A-like Hi Rate (166.6k GFSK) RSSI spike: -79.0
  -> 255 cbd08b76af3eb42da9fd9b4bb1bd404a1693b3a2053403764ce7895e912eac7ba5c2cdff8198d1b62428cd54b1b06f2c4d8a834fc502350e0abf7b78334971f8c3ff514f10cb6915c7ddbc161244c786969a9211bbe3125341831b247145a340cd5da0062d740e4fc2b55010514740803302a7ff987b413daa3445d0126e4899eb09c74e83bebf59ce56c1d0ae17dacad02f3e27ef69b18622d23d9b1b184e44e8212a8ab6bd3fc895ab1526a0fa00aa54195a528002c5acf77a4788ecdb8d8f50b1c4db618a3d0e25d6fac1944530073f3e277adc434f657df44448898867c52a60f42fb854092ec2684247e657b3fc48801c81fb254ab887a9d752f1ef94
1787433165.663459 sweep:D7A-like Hi Rate (166.6k GFSK) RSSI spike: -73.5
  -> 255 f79ba3381b4fba386343e4b501a82ffc04147d754c0756b3dd4231fba930da4f895340de76ad77042d9516c4ed8a75909e153aca57481a5a4acb69f9c1dcc2fed8b239b2abcb74bd1e6e5998287ddb7a04b0a7196ea785e8216fb80d9cf51df2c9c0bef69f23b08b02b6e2de115efd2d9ea7d0f62522fb00636d534232641074e4acbf9e44a594ddc89bc4ccb5fe8d1faa45f1d41272258205f9efeee7efe54ba16f216de8df05a51edfd05b2f1570477894090347d907ac9dc34cda36ccdfde1a00282a1c068999b6d61877dfc05d483a1eb5022f7404063c2c1a65048a05ad0b32fe81d33e5461ba708b66a0d919cd8685edd1864811708bbc910a23f666
1787433165.663702 sweep:D7A-like Hi Rate (166.6k GFSK) RSSI spike: -74.5
  -> 255 3d76dd8c08aa97fca19d457aa8b76315ba09111de673b998b5460437810b998e7e7a74c9fdc035b768564053b4b11c5d9844a78d6121fbf05de1a7b5becc0793f1e30a554508459a769266aa9f58f3fc0d6eb6259cc5fb34b815afaefb1634a3cf13c4a0de85f0953abfd1bad2ebdb5b1af86ab79347017cc7bc4fa48980caab1c6765c5c3a419b0683511fd8ef213e193a1db5647b2b589031a593425cb7a46326387334bbfa19013266c5723a5272b8ef1657ca74f11fec0556048d03c1c027ab2f5375b92be5de50aaf52c73912c6459bf920c41329f14bc3556dbb6484d18fe73a4e4d17208610c9c266bf7b066c77720fba63f9d8036cefaab57ead94
1787433165.6639569 sweep:D7A-like Hi Rate (166.6k GFSK) RSSI spike: -71.0
  -> 255 75addb5b882688b620be8e0ddd39061d73912847bdef44277e13be43fb931dc69410b4e2c40044e55d18d05f93d1e055b1419ceaf1712ee3441fbbce8db8e53e69782b887a4250f1b552b196e0c1ce3a1b8056eee4977ef314ca3a0eec6e7c94d7a2939b4715c669bd82ff15eabdbb9f3c0fa2fea8537a040563bbe43a327c7aae12e8534e0689117c81aead5d0a9fa1852e3d485001aa9db81895b1f96fde96253672a5f868b1b888ecf0bd10c3dc86d6a3d4085cab7ea727d4d7b147e9ee379d244dfad909b6ec8973d3274c3fd36afc74a8b8e52fa10ca4290c64c0a3615906b66cf9b8916a613daf5845a218fce06e3b7b5def51a09bd4487a6ff8ba68
1787433165.664206 sweep:D7A-like Hi Rate (166.6k GFSK) RSSI spike: -73.5
  -> 255 d7b77b2a283e371c27a0b7009019721033b6024dfee37075bbd3c75e68002707a319d5c9837920e201a928633c3b40699395304432a36a168622231159fcd04e37bbaf85e5608f3c74f8355812e42e3d30310f81d46201fe3d8f6d6a89435a850157a378725489d6006e42e52d8682040270bf9435f1897ea8ec7025bd3072c09d4b966125035e95a6984261c70ec4705f0f948b5143b862ff9c43adddd5ff8605cceb2b9196a6823108f160be2fabf2b6f0ac45fc40d895cbad85c38eeb87a6c939ac4ec0182998ff832a089095eb2bdf86ef43185867f3b239e6b2e7da94ac3104ab942a43d5a1275411b81dbff884630f79bff08f6eda48eeb906182861
1787433165.664437 sweep:D7A-like Hi Rate (166.6k GFSK) RSSI spike: -73.0
  -> 255 81834fbbe108a75c98bf7aa90b8ffbdf83317cab238139e19bee29ce4a97fbfb3078ff279013852d245a4e0760f8e6f9217c37a3b4ba8ee45acc3fbd6a43db07ff0a0bf906818ffeadc1f9fc4d4cb01711ca9e452a24bc17d9c09fcea5cbfe62874fa8240f608b58e7ab7b62014c3a9244025706cd72a4a0583b1a740677d99f03e178b9159a569f0c1ce51c9cbe05b7aa0b1fbb7f2175a9c7538b285b19363e12e9f38d98b4a606ff45ecb101b0e753faf0636ac7d1806ff7504929c843d1462b12ef37d0d5750fde60b3a01909ea3b3d3ad0417c7cdbc8ea3b3e288da43907922d5c09e97eee4445422e60a0c93574c00ffc347e4bbc305ccc2c4833f7f9
1787433165.6646621 sweep:D7A-like Hi Rate (166.6k GFSK) RSSI spike: -80.5
  -> 255 8687b966a5934938d6ea811ceb520000ba6216b08145ed732026d764a294e5e0489a0e3a0b2fb0bd286da4940e3e74d178f345393287c6cd93b12fd648286220c7ab7ea2ca65c0e763b63162a7fb6c53af3e7c1c8cab2dd1a1f38660d09933f62192f58db643ecd8a93504a7dd069d29ff10284c503cb25134992fca797bcdf41b8e6928c3a6e2b0be432f5828f6d31fbf8afb000e14383bbb1128ce324bfba2e1fff146cd268ed1fdfe4dac0aaf0db1852e590b2b1464571a4eb1caa05b3b3308132b9b8053f5fad24ae01d6238bed084e14e4b72ba6407577b8cc400abff6f4451dfef0835185993f82fb5d77bf21aed0ae903bf756af4d2c14b4e4ff51b
1787433165.68835 sweep:D7A-like Hi Rate (166.6k GFSK) RSSI spike: -72.5
  -> 255 8436ee4ddf1bc8e54cf8ab6e00e6d3b53b6ad59080bca1a0ae23369aef4dd55f5ed1f7b26c4dd363e6f9a66a37265da3aaa36a1337832ee09510be3e87b38452df6bc7fa350c469bd7e85bf3478bea70b3244df8a170e93b3e63955214a4f04ccf1b4fc74f239c81dcae29641ceb566ba413a2638c0ce9ec4601d1200f1063a74c2c4e9c2c9496e90f1618ec2dea5ac424fbeb18fbfc83c62a05fcc22a9e3572cd9874c79e26b62c8d8f5226c87928a6dc0c836093a7bcf4e94ec3858dc4084b089204ede0a252f53f6f3388301035fb1843e3593481ae67977e75203af25303db50f656549471c1ceb02f8f4162f377a95a8aae5e041bf9153839985631e8
1787433165.6885881 sweep:D7A-like Hi Rate (166.6k GFSK) RSSI spike: -67.0
  -> 255 3bb4a5a40be31ec7a2658e38ba07baec963b44d61f8dff4f30d70f613a542420b31d4abfd4650ed1afe5d7e4410ce78ed17325fcf7a80c014dea8530d5ee1f77f6e42c08f63e89db80dce32ee640dacd614430f2942f97a58e9c3aca3d30469434d660244ad167e1bdcaf28329ebfed73f19dc47b746baac1422516f689f5744fcbc443b837f7d0fc574cc947204bef890526b9a29f09089d6af8e23c5c21a5922e8bdebaadf8ed460c2e24ae01786ebc1ff7abafad6551918e3472560621d875d276525146788cfe52411290aa1926ceae14f258984198e6f5cfc91a803c8e21917d727a5a260771e31e00d7a19ee20efcb14c5733ee375a02ec5e27220b3
1787433165.688839 sweep:D7A-like Hi Rate (166.6k GFSK) RSSI spike: -75.5
  -> 255 ac8cafeda3d698dc7aab95298020095646486b7ff36dfe4170e9e1caf988d761b673da06acb08795385e46eba542f9d003031d78d9d844dff0580d8a3e40e475d8027c05a1fd0eac64cbdd5cfbfd5db1f330a582c4c892f2649924971243e5c9edbeef857efbb50fcdbdb86074beaae6eceee6cbde03bfc54ecd6234dbe0617e66104c97adbb6e25f072279c8d0486443ef28d83a18548d20f15c9a3da01bffb2d240a8ad6b91aeb1e17105e175a15b75fc258ccb512f741682925c043fbddcc548d664498f9456e373a10d0addcb91a79c5e4af4db2cf80af572b3308dda0b4c0012e87b5c4cb2c21442e78e1bd9eea3a62361a0302dd8c0448f6c0cf261d
1787433165.6891 sweep:D7A-like Hi Rate (166.6k GFSK) RSSI spike: -75.0
  -> 255 54ece2f5f03ac422c2778bb0400cd0794603c4699ce78766e238febb391ed215c56af41dd9bd550bf8b45390d53c88018d0bc670ec5d3e5c3ef5daf01d18b10022b1a43c7b325e037d94d3dc21b379ffa05765d592c3887ddab2bb3f3f7cbae8712b3d27f53785c4c555df8231748ec05ec63626fc974a175416a2437d953d72310458075f85a51b42478ae6c4fd8f5d953bbead79c08d0677c3cb09feeb4c060b517570e3aaf32cb30e9383dc3b686998e848a38042895bf0764294db5671c499a2f0526001842e8f5011d1e8303a42e1081b4c43622d1ff9aea72da1a7d86d4a4ee4a042052a0168bfbe23a2d1e801a8f544a074e7f35a976931d83c0fa9
1787433165.689342 sweep:D7A-like Hi Rate (166.6k GFSK) RSSI spike: -71.0
  -> 255 e2b9aa258118fa1dbdd8a7c3c24809ad42a15d0046db2000e753497a8ad07f971b6200e09de58ff5992080c095c2338e30fd68a720b14a812150018cce69280ec7bd90bad1ccd20541bbc16225df14aefaec46ae22e71ec220a0120846183335d02ae07290805573c69ee4998ae1d049f478b00fd5da0f4165e0d4f444e29d47ac53d5842cbd7d3029ab184cfb567e5f1d3c1cd33b5d57024f64b284a9c5200ceda001e0333d362247c819c59cf2e982da8a8a987d621871f96b849cd6ee2c7018425d0f81d2304886cefa75aa2f362e0b208c0910efea446e9083f711be623dcc25663387b26a556e2fddfad02c3d8e08d786480f6fd86cacf0b99cb9981e
1787433165.741154 sweep:D7A-like Hi Rate (166.6k GFSK) RSSI spike: -76.5
  -> 255 2ebda222f827e94c8f25271c7f6cf4d0ceb83eb1e886a14659bc1527439357a5d2c9fc8829b6d66af22ba21e9a2fb60150891bf4b707125e2fe9dd8ed223da12b11c700e65e92636026e3aabfdb8798efcecf04e280515c24fc91804e8caa252ed33872c703493a39aadf64d33358634af7ba1eb8d8efd7fa32705aca9e6fc4729b85a2ab55a2a1c4fad0e34db776f689eb6a3fd09348fec4089cfea6586f7b5e08d1646fedb183ffba4c41cb26a0935e2a52c52d5dcf5471a1c1f565f2e81d5e5f65c2218538fab4bd0b74f61758967983789c3a9c99ed997d944047bcdb102a85f64fe689c83132d8e4cf83cf2903bf9df96f38f994bed5318c1fe3c70f8
1787433165.741471 sweep:D7A-like Hi Rate (166.6k GFSK) RSSI spike: -77.5
  -> 255 53aab062ae8963e16c965f6721bebbe918ef4f0faed85081fd2d780591252656a7ff771d2166b2e0d6378907b93bb70c01eb1c89f6c10b9a01130b742a89e971c644450a1b71d11ea742899a6489d39ae21404030014052ff4bb4c2405b1c8efc9a8c2cdfc937e2340b9d9cf91e08d2d912350c48b278aa0941b97bf3c57bf30cdb3f198520a62157092f921d319e79e005a580c6e81b2f9ed8184ee891b9a3c1fee277d5528c054ca6f8e5c70fe75b5516761c55017d0c6106ad41a9196d0da40d26e6ea2124e79d1b6797c8a4bfcfc53aeb0a32b6e8718ff14e489657ae567a408fb981d3fa92404efb3ba6bebdf0743187d86851bb02b8d519d71f17925
1787433165.741785 sweep:D7A-like Hi Rate (166.6k GFSK) RSSI spike: -70.0
  -> 255 542815a0dc2af47192d33bbfc292ab682b18c696196443fa630058858d1e6111b4a4f3b318c7cfea96cb80f6e26c8b5cd0b511efe964cccf23777e40482d53cfcee7444c1f5bc1f8a340083e78c7d8e2419a8805ff688eb5f9d179e96e6cedc2bed46460d34c18e78173afe5d899e9202d121bbbad5dda8864e44a2cb9290893ffecc66f205e0bc629bf18032e98d350673c6e40245076f1c6e1d93a42e1a32969a1daa2811569cc98bbd23580a8dc3652a7db10897da14e21f367765ab85e88044dab80020712a43809d4941db7f1f7e6e53f4434f08a901b2bb55f3971d80083c6a494fb3f809ba4ce0881cae6811e209cd1e0193d09e188f914ac3fbcc1
1787433165.7421188 sweep:D7A-like Hi Rate (166.6k GFSK) RSSI spike: -71.5
  -> 255 ac063d96f51905951a92260e583089b55f4fda3afe33b5ce658ff1e21a8fbe6ec81f8d68e116b9d29c197e7269382bdc98e402e53948425d47e22c2df7c6b85700ea663bd562adf3b79a3d27db51afb65468bf6683526b223c69e94fa32184d355e01bc0e9ec3450a0270462fb5757f79496a1292e7ae5f667a7c80e868e3226b8a241210264cb72e5433e8886949d9879dfac159ad2749da22ce6f23d177946d51e3f94ce01da31b681b9ac284295bd473cf0e090a5dea1586c8610f21a5cea261946da934d9801857eb0bde8eccf95dd79e2bbc8e4903d05b231b654d65ce3288db4c7cc5de0ebc1cf388868b1205892768bc5e587cb170320059f3252e5
1787433165.742445 sweep:D7A-like Hi Rate (166.6k GFSK) RSSI spike: -80.5
  -> 255 2a3b7f21a997c85d7efa0b73f444da4ad5f954b7255cdbc830a1bf23c3ac8ae9d1c238ea819f3c02416c800c047f81f8827e47b3f60768cbc1d0349b7e616bdcba7eb7bfe0c2f2d4334e620a4a77826f9d183df0e6868feba9e42d0f8b33893a796b93562a44eb8657b8e0c6cceac547871e025594bab4bb5356ca773f0ff107516ab25f6388689b1a3de37b9ef576cd80a153058935831f573e58a0f75d25b0a9ea1781f349ecf01e1a8c6d9042558790bf5b928cfc4581cdadb9b906cca6bee27ccfff0e13781de4ae5144d968c01961f8c6c8c52e8357f0728480b19072961d9909e248b4220462d0df7265ea2175720f81094a2bc3fe57d99230bf0b81
1787433165.766266 sweep:D7A-like Hi Rate (166.6k GFSK) RSSI spike: -71.5
  -> 255 4d4e49c1da91ffeec9fdb1a6410b0ca5d6daf77d9404388a78fa59e56a4efa0b38b90fd0efab1a1900dd577ca2990bb401a9d3a1c711e85f6841f7872fdee62dc8757aefb1856e44e7923756e78dcc02254797d29bbfd52e374763de849d62ab48d3e1376f39bde1ca7fbae346c7ccc60ea470b5defdb1685cfe153b3f03842538ce07dff0ca490ac1d77e172d4f2dc746f5c63f99dc0567435f126ad1cd3723341b1c78ece7cf34452f825da4387b2a0186f48d956978ef97c355e8333c630a6741437feef37e84f88e87f927e05efcc2939405a10108a92eec916ad2cd97fc1ec3cf7535a962181067e00579d9a779645fb51923cb05fa83cb6f207de0bc
1787433165.7664828 sweep:D7A-like Hi Rate (166.6k GFSK) RSSI spike: -72.5
  -> 255 d81d15d8e8f92d330910635028a83f11a4fc8e88003c1d65192fa1848d6b5ae5b599296eb495cdb013b145d4f3210d060caefffa5b2946273812981de227f957e31b22b0956e24a17479e8176436a5e5743acca9b97a0dcb9926b415ea969460bfa59f03a78e1116be89a9d026445a30ad2c5fc8a344a74717fc8efff2fdc85e38d387048dc85dc6b11cfc454f38ca605bc149a57cc31867d20ad6e6d4b5793c4db8c6f504a27f5ff6601dd9e2021917f2ad7e8e6614be1fb67628e72662c27e43558313e5a2b7e58834932763c5bc1797cd74011c790f60ac525eae59ea59f8b8ab6bf187837895025f2b06b60444e62da7a7498dbc5e5c1e1ada52954796
1787433165.766722 sweep:D7A-like Hi Rate (166.6k GFSK) RSSI spike: -76.0
  -> 255 4783a5764430833dd7761cdb07f38a57afb9e8737ef9a59560c6121447684eb495dd61f2284e73c5e8a72f2b013359fea774633b5a29c50b0fb081213a8a52ff9ef0805fd68582543542349362cdbe81f4fded3717f6eaf17d2dc7480bb153f4388f0a48e4abc8935d1f9f04cf1902660bc5e5e25c91be4dff144cb0d3faea1c22d08e14557f2888a4d40c8f770063e0f96387b84f013012e336745c0e664989c28ce150defeb85610af0ec3a2dc630aa0d46fe74ad46efeaa697b580f966da51fda9f37c365e54b6ccd811344e04ddf38f23f8a8bcc94b823ef37dfb7640effd1e479cc7ab9f90a314a8d45e236260461a87ce92a64fa2ee16a1640585e98
1787433165.7669911 sweep:D7A-like Hi Rate (166.6k GFSK) RSSI spike: -73.0
  -> 255 0f5d8ed08e4d819d8b739ef7019ccaf62ca8741d89ddcb613c6ee762d2f97752858cf76b5fe82e5ae4e73a380e2d50b10ad2eaccfa95e5f9950904aafbe81911549f6c12f3f9bfd44d00626ef5e324afd00878114209dfbde72d5ef6b5be46c376671c6dba3356f27a14c4ef6c560a888d9ea8010aa2cb123dd5308c06cf664d5fc46ce3d8577b495369fb97c0b4c7968ed3f3fb00311b7406e12a67deca1260365970b8359ee221c3969fc6cc2046c7cc62e98ea6658d61e84e9c397cbbd8732eb55444ea7aef20125198d9ee3a937ff5cbc0d6fc7174f64fe75cda4aecd4b5e1cf843e7a4dc59fe213d6546f79c0c8cb538c9eebf9ae2d40270c27668250
1787433165.8190951 sweep:D7A-like Hi Rate (166.6k GFSK) RSSI spike: -73.5
  -> 255 6cdfdf9ed6c061b57806915a16302f77eaaaff5c9bbfe30974b3013f637831ded80f5ce97c177b1e0fcc0ed652dc0edbf68298523894ff28de4910f46ebdcb32a7e54d7298a477ff569a941abfc0b1dfe52649c3eb7669acd982be8a3c252f8cb90f41d8d732568843810a03f6e9c25e4d5fa0ef93829ff91ad58b863bad76de489b5e696eaefd79afa366c803dd2c3aec194ac63e4739e7ab4a101e6893f6de19d340b5ffd84c4a7323d61c00c99f39f52387de9699bd3ab3342af54e112c687e7d452f769906d52a2cd38502a3358642109b227ddfaf5d48f0ab009270310540c6d597d23f006e2a61a914350054038a26027f91f7f73a1966cfae0c91f9
1787433165.819351 sweep:D7A-like Hi Rate (166.6k GFSK) RSSI spike: -77.0
  -> 255 d63159f41eff92350d84e0e58e9c0e97078ab7892b217acefee77936f99a8356de711d2e2c09b88e72a9d90ea6439e644635b1a2247bb69b4a44db381435e40e36bc900c128a4d9b6e22c6d15b317ba0a4f8e3de2194ae421aba0451f6b3da9396c314694a3005e0940ad0e658d42003dcbbaffe96a73458b17c13578247fbd69c0bb86f1c75a4178799761bd079691b2e31a69bdaea16b410ca107706e58de1bafc74cad680b5d01e59cf8d7db29ceb00b14c89f4bc8d25efa0fc4ac32a5a0d95adcc9f0b71a742e4d166a0be2657fd4a1063e02c12e61011d676cbd2b43e2aa02b12d1d8370745da6e6ce30aa3300b773f8f0cb3e3c626a3d37976d75458
1787433165.819575 sweep:D7A-like Hi Rate (166.6k GFSK) RSSI spike: -75.0
  -> 255 67734163f464e5d59b5abe1411b06c365880f6d862ff0f7b7d2a8c01ff6ad52d9688f5dbb523b4d894b710016fbfecb7be9c6929fee0b2cbe92c5825d80c1aa8eafd050e83ef6550173e133488ab0a205a59d96ca961f1503afe4293554507cd64bd016715fe0711a3d5f3211d51089ba03ee352bd353a9f01136b25fe2e5a9e8cd470048224f35c1ed9c592137eed820981e4b8a1d53c8b03fb21c0bd124d63d7dd2d422ceb6416663f81aa38bf417b9fc5c462614d7c90ffaf98b190c61edf104874b64e88f65def340885d6b2df2a12b3abb31ab394ce6f6bf5919ede4cee19cf57b886e50e0af5e134dfe53a4aa0031623e5f3cf73e35f4ed1129af235
1787433165.819822 sweep:D7A-like Hi Rate (166.6k GFSK) RSSI spike: -76.0
  -> 255 f4a37dde61c269c4754e82f371be3b9c64930ac7e33a85415a121186de6bac1a610e36248e189477a0565e45070381d8daf59965ee34127e096663d7904acb6dbe2a88bde1ab245b910bb8b4533fd02285f336decd284a3849a4325f23fd74561c1f9c658182898828ec5d93f911a2572a815a19ae07f6bd3ef5755c7582b32c8b65e5fbe2f1d3715146aad1e4d2e2e636c93d7e0add03b85bf8026604104f637761491679e0c2d7769db4f065ae796dd71e67c98ab02c573a08c2aa9d65d84288b021c7c7bb22acea61bffe9c4beadc290af5dc6ee95fc65af571cd4f84641acf862e43d5fe44d4f4e936bc9ed4b6d98a1233e944008110b13d2edaabd878
1787433165.820082 sweep:D7A-like Hi Rate (166.6k GFSK) RSSI spike: -73.0
  -> 255 9cbca5a518096b8ae1f886cd646fc2ec5641cc25dbc0d07f0cb74c4d802c6104f93db561143084e3d14d268b65ea0047fff7a2223bffb83fab2f55f8842a9e0ed90d6a14edd44e04308283ad17c2b78d42cca20bcaa7fe40a6b8007e01dd2facb552c73937fc8d65399a0b187e6bd45f6103428f56f1bf3900da643f34c4d79cfa04f72489042cfc2b89f851331f1ba8e46c9ae6c49e05ca817aa865f84d10d736e3461a53aa08d71f13aa93496d19145898a7ee8da2dcf6afe817072ab55e7aae88be22cf63ab23dd62c0502cfaa3be6a02cb2471ca124c24495e852f6f931978d8baa9477d9810491f1f1917142a96857c6e42e00b2a8ca62441d7e615b6
1787433165.84398 sweep:D7A-like Hi Rate (166.6k GFSK) RSSI spike: -74.0
  -> 255 066cf632c3def68679bc4be9e06797bae53b860b2fb0352aea47979022ad2e808b94c449c62fc66a50868e822a5682862dae26622f902d54e88653badc298212a8445c55fac5b05863a022bdc65f96d06c276ccac954b2e7266ba633d03ce384889ecff433eca94f729088e4dda635e3208a6f0da567f3cdc412bc203b48cfc359012d137d45ec8cb539d68b8194b070ffe8301443dbbb53de25c0bd7611a1281cf17cc941fa5e9dd4a2f84259ca1a47017d52409a367b85211eedeb92859449c1e9c05b3a6190cdb237445f567ae76d0ff8818d95b0b6e5a29a81db7ba1d17464012038071bb8cbc98706ac5e5dfc3ac113abf437b93c0bca1585f8ecf447
1787433165.84424 sweep:D7A-like Hi Rate (166.6k GFSK) RSSI spike: -72.0
  -> 255 fc8323517f0de0e927bc601743919db30d6c0e3fff39fba402088deefe4936964abe547630cca52345f917ec7c787df7905583581bcc3e02538ee35fba7adc3b680fac34a7d33fc1c50e47b741b09bcd9ec80dc5825ba1af8ea8798115e5846fea3d240a87659916f3fa2d3112a375e656ec5c4d568de9fb45d4e2fa15a148f7ca6fb967b8ea521bf8180e1e4cfc2666f2f7163f9488b75c21fc243fef6efa00533a8d60948c9096799f5d3f104859fc27f4ecd854d9a71a2d77ce37b107fbf7b60854031e1d0514b5b155e3b6bc41cb32efbf4f7853375cd4e42be3d99b2659ba94c5f529173b53d4ec533eca7a954a9e5556e3e280db7b98420f31d24ee3
1787433165.844521 sweep:D7A-like Hi Rate (166.6k GFSK) RSSI spike: -74.5
  -> 255 affbbca272da3ec3572e622c066b1076a24815314803259f723b8a19938a467bb2cc50b7cf461c770b4211dd8624d0a6078c7dc4c7eabd73c9dff9a7f5443cc25a37076b2e44cc6178e8fe7c134fe294c3822b06a8c6e317dc61bd3838d7dd00c31f2f6038452c3332b1170e2529984636864f3a16f6e7669ab895d1c134f4ec5b699617675a5f2c2522f626560835e09b324a9b272b00b11613cec4ca60ea51a83a7b320181c45f2771184282e0a8325d95497b85515d35e7694f33b33e08569e253838a157f5090c93934fd871eb3420fd4b261ff344e5f0abef7390c5d37053380f57569a9d4ce7285f6b75a55761c5cb9a93c69e6282527a46c5de9ba8
1787433165.844853 sweep:D7A-like Hi Rate (166.6k GFSK) RSSI spike: -74.0
  -> 255 0be557b2fcab4b4aca089e0b0562788f50b96d5535a1fcd6efab4c107389908a932cf102adb4c679fa4b1faa1e2b885fe58a375c13171549227fb7a07efec3d7da9b1e07544df9a4a4cf768f2890fccd06ae596d82bd8f9006fd23dbd179d074102ac149fba2b265492b2e1a9264574e3d394834228287b13e18a002b7acb59a0fe6215c1726a26afc2abf578e4d0e29cba73176e4f417426a79654013924f8952b0334c3d834b7e9727f94be0a1c2fd715f97ab0efaa1f34fa508b8de02bef1f08f8d08e2e0161d4a536324d97a9c5917b88704bd233bceec77d1ed19a0c9a19729194d1c1533c8a99801145dc23e5385c158e3da9205db30a2f67b114992
1787433165.896733 sweep:D7A-like Hi Rate (166.6k GFSK) RSSI spike: -72.5
  -> 255 46c7e34e4f91d7b989075845cf1dd54c509b7ec49bcdb703b870a6736e33d185b43e4779653a4b96f277f736e5ce41bcdd904c7035a0fa00ace69fbd731c456a4ee3c840aebe02bb8cfcbb71bbde2145724f8d133f80bc13ef786da1069dea0557c347a209dcbd1b0039c732a3ec303d34cfb4e59ee59ea4126bb29f33534bfc157c99b9156093045eb82f5aea675da8a8dffb46681768f623e8d363d37f95dbeec7c67f8d525d4d9a7b7c73558bf00de402bd2663ac15a746b4e2c3481328162fcc79a17bd6ebcefe0e41e21fb09cbcdaf51f92b52642eec87a1bc23a274cf0c05806498b4a5c2abb1b643b0d3a80f1b408d1f1bc840b7ee457bf2ba34d27
1787433165.897069 sweep:D7A-like Hi Rate (166.6k GFSK) RSSI spike: -74.0
  -> 255 4d9634b6f9674766cf72fe8fba5bb19db18d230f2cad924fefa1090dc5532e01aa0f01fa7374fb195df34b31d17264c3a0466dfcf810e686847ad1c7b6ea966b4827f2a1b87d35dd41e53d59dcb712076df4b2e868a2e34cedd60ea25644c48f3c85354b3c3bc40105116268017a8d99dd3ab3edceccbb51cd6cec97d2ce1dcbd6f027bd0f68e50eb131fa955bd1b2a4eb7b46d38c71e6ab7aa12ddb45d302e55f95a2749ad1a8dc3d09cd733ea760d554d27cea45e46855ddfd448090c5f61a51f33d67e8c9b14c51ce07295d19d3ef3a99955a9483f690fc01b8d9a6616af0f1c29c9f8824993b4241df006d9180b20068a319787fd7aaab4705e5c77d50
1787433165.897405 sweep:D7A-like Hi Rate (166.6k GFSK) RSSI spike: -70.5
  -> 255 61b1f78875fc30d38cc038e07ee0cf3a5757c9bc6e5c8c1e1df756a0d803a61f3ba223ba17a3ff8ffb483085446c367aef5e0185ab64a5a313ff943fe0bcf4aa6f5c68ee5ebc5f1b1ff5603a10351907d319f7eea27d1fb1d9187f800cbc9c8a3aa33da0f9740ea09fa9a96c6491dbb5060435f01639255fe1d8123ce2e6f4af4107883c1cfb4ca83bbf7619c34acd073b54337de0e0834b93b4eb8920b4086360fbb95bf5f154735cec99344c2ba5507a04213b56ed6e033b140fdacd9027da938c565062fcc5033ed262abf4f04c05540f9047f16de50131dfe35d074881b927f592bb0f7ebdeb45d7a018c45fdc006cdbc1386ff3f632b46d5ca9626f1b
1787433165.8978088 sweep:D7A-like Hi Rate (166.6k GFSK) RSSI spike: -74.0
  -> 255 f9c31297485718337b6308e54cd220db7fff07e52cb76d5ccfdf2d35bf1a5189529262f9fb5696913642c329fc54c65837a2b3ef6447817cb9488d60bef167a72437fe5a7c9be84a370b8b333cf1b31988316677f799ea2501b1682ff110aa0cd107aa08719d2023a3a21b4606e72ea7907725194512cf526150f794b80ec8e9ac7a15ddbea0fe8724bcee385a0771bc2f338c42cdc4d93f01d041acc1b5cb9d42c7707ce580b37fbfb832333fc5e6d53fa2c6c8d195914022548cc5ca62f4e4a35a358bc6bd79c9932583fb8900580e30392522630a936959278bfc5bd5846081a6cbcf9e3e5ee159b7f191e9b84f8f6e932c04cd4237ea62e21e4f16e380
  ...heartbeat: 100000 iters, 26.6s elapsed, 42 hits so far
  ...heartbeat: 120000 iters, 32.0s elapsed, 42 hits so far
  ...heartbeat: 140000 iters, 37.3s elapsed, 42 hits so far
  ...heartbeat: 160000 iters, 42.8s elapsed, 42 hits so far
Done. 42 captures out of 168385 iterations in 45.0s.
(this config's captures are in the combined stdout log; see analyze_sweep.py for per-config breakdown)
Configured: Generic OOK 4.8k
>>> Capturing 'Generic OOK 4.8k' for 45s -- toggle the vent now <<<
1787433185.99534 sweep:Generic OOK 4.8k RSSI spike: -78.5
  -> 255 5ff74813d2e0146070ac3220eff08143623012fe26a1b097c2e7a79352706adb18373103d8d6c967807a9a9eae842d7d3bd4fa059972fab757faa45e6249ea481a5f83c6f700862075b202e5fc45e437baf1ce3f59670813e66321c5b1973370141061e9aa8c2ec6f89f317fb709e230c6c5d05661a8e693100d25c9b4b05145778368c7028afdc87e565476ca20f1f20b432626c5cb4be0153e03c4eee84b2b82fa0d8748350b754ffd6dac0c4073782cffc5c1545feb3ebcdea92dc6b73f0261c8f14050864f645c99e302d32d2813ebccba3f6937fbb55c39a786f75796c6f9db048dcae5b41fb3390d97c13c255e4cd9b42c5f0714d52ba99490e84017
1787433185.995578 sweep:Generic OOK 4.8k RSSI spike: -78.5
  -> 255 67be48ce25a1c09bbff1f9e6d0f4ebde7e3f549ed4941b68e18db09685fbe90920cd62a195471c90afe33f2e7b107e8b909833b76d0d408517d89e085968d3c5d595e74e8d399043be690f6b5fe0bb3444357016b12e84fa6d6f7dedfacc3e2b6beedf826fd25a12e3d7f16fd6808ada4b49f0acc0657236a7509b20fd0c5bc068aa88a9d5f2ad804e2d11c6d6fe8864b338463ce974c6ac561bba6db2340521189c496fdcc93502cf73b0f91bf0dbac648a54af5455eed2283ccd5e62e62dab4f5bc1dabe51d248347dbdbd922ce331f35f6cc1d4a1958a7dd1617e5279aa0b9dfd30d835978d0a87883750a5ef9ca5cce01965d45f0cdf9f3a05572a5020
  ...heartbeat: 20000 iters, 4.7s elapsed, 2 hits so far
  ...heartbeat: 40000 iters, 9.4s elapsed, 2 hits so far
  ...heartbeat: 60000 iters, 14.3s elapsed, 2 hits so far
  ...heartbeat: 80000 iters, 19.1s elapsed, 2 hits so far
  ...heartbeat: 100000 iters, 24.0s elapsed, 2 hits so far
  ...heartbeat: 120000 iters, 28.9s elapsed, 2 hits so far
  ...heartbeat: 140000 iters, 33.9s elapsed, 2 hits so far
  ...heartbeat: 160000 iters, 39.1s elapsed, 2 hits so far
  ...heartbeat: 180000 iters, 43.8s elapsed, 2 hits so far
Done. 2 captures out of 184778 iterations in 45.0s.
(this config's captures are in the combined stdout log; see analyze_sweep.py for per-config breakdown)
Sweep complete.
===== RESETUP set from recv thread
Error in resetup():Exception('No Dongle Found.  Please insert a RFCAT dongle.')
