PING: 26 bytes transmitted, received: b'ABCDEFGHIJKLMNOPQRSTUVWXYZ' (0.003105 seconds)
PING: 26 bytes transmitted, received: b'ABCDEFGHIJKLMNOPQRSTUVWXYZ' (0.003111 seconds)
PING: 26 bytes transmitted, received: b'ABCDEFGHIJKLMNOPQRSTUVWXYZ' (0.003079 seconds)
PING: 26 bytes transmitted, received: b'ABCDEFGHIJKLMNOPQRSTUVWXYZ' (0.003064 seconds)
PING: 26 bytes transmitted, received: b'ABCDEFGHIJKLMNOPQRSTUVWXYZ' (0.003083 seconds)
PING: 26 bytes transmitted, received: b'ABCDEFGHIJKLMNOPQRSTUVWXYZ' (0.003085 seconds)
PING: 26 bytes transmitted, received: b'ABCDEFGHIJKLMNOPQRSTUVWXYZ' (0.003345 seconds)
PING: 26 bytes transmitted, received: b'ABCDEFGHIJKLMNOPQRSTUVWXYZ' (0.003393 seconds)
PING: 26 bytes transmitted, received: b'ABCDEFGHIJKLMNOPQRSTUVWXYZ' (0.003510 seconds)
PING: 26 bytes transmitted, received: b'ABCDEFGHIJKLMNOPQRSTUVWXYZ' (0.003403 seconds)
ping: (10, 0, 0.03224992752075195)
Configured: FCC-derived: 38.4kbps GFSK, 20kHz dev, 94kHz BW @ 915.0MHz
Sync word set to 0x0B67, mode=15_of_16. Listening for 180s. Toggle now.
[   0.0s] HIT #1: 255 bytes  3b63924a1693e9d22212c5481b9c8ee719cdff73722608e3be57ff852ff75eadd70bfdda4da25a12efcd478fca93348d98e030f54c2fa9baae6a69de7020f9200a4959ff567150e21957fb51148a4a0be57afd8affd8ad2308b94d8fc4042343c018fe4ecf1b1e44c4b38dde91ad4795ebd67b73ac32c174a19912dac9210329dacefd6cf63108637869903a318d06d932ac4701095c214612aa110a8a113c0a06831c9da0ec78a0587696c08f2cd6bfaf127fd98c1b0b4b02d9dbf182040a5151695d60a187d205e441638fee7d962992fd2d502bb3a9b9ecb98616ef8f32c3944a851a2045f80db2a693574e3c00cfbee8a073657b80bc5d794631b049cd
[  96.5s] HIT #2: 255 bytes  510369fbd517068e7c65a624b3b02e0d605e20511ab027006e64c16fa91db33c26fd17d90705d98e02a97f8fd88f0c760bfc1f58f149f2f08cc61ffc61419cc77d21055582e8ce22b09e4da037135e535b1d3a1b8b8ee927eb5ca6195d86dbfdcefa1b91dc4ea8bb9da99f7c8c2845dc27372dd6ac82486bae6a2d2fe2e23b0e0683588e39de8db601c480034995e4c28532210f95a4f256da7bd09806f290c991c3701286cf999493bd683cfb97f6ce7cb8fe84e687f8f03d4c8cb611879d35ec691a2b58aab71311a515efdf1e6955df9862019faa310e42b84f2fae3b69e4392cc776e539f8b0977566100be4b580a28a310cc4b9ca1be0df8b63e595d4
[ 109.7s] HIT #3: 255 bytes  e55677741d5f6e7f3b1b53652ea670d7e0f929a7ffb96228c8033f0e3cea15b8210b10238502a68ce8462c9de2e55710bd8b71abe9c36bfec665e0f6124fdb4ec0ee4074b88af8357eb0a6ddf461d1ee4dfad20be3feadad2981898216325e4f1edc617552d5a96686d251b63338e69a9d3e30fe8ba6b2790b501e16ac1e244be1b5dd87f3c6885d4e1488afd108e817010c396665a9eb7266387f572bafacebb4f1d04d3ff177b985f8b2f25b2c797db9d7be8f5283370b392e090600efaa02888300c23fbda70b48092471131a40d65ff9f1a5233c1db33b8abdd27620e5a14bd2c433b2a9d91e1851462a99165dcb25dc75f8f251660ef7c03d28dc92e7
[ 113.0s] HIT #4: 255 bytes  cd868e0fc7c797a8e4965933102da4e118aa265575ee8f40a5dffcce862e080b426118d2d6b7e1427c3aa887e5feb317ffbdea02527ac6a4d31817a9eec5659df7518272e7a960ead802ea9358e88fe448b23ccbb0bb3d523be3b3eb5a997f7c3e0f7908c48e62d189cd88c43c9e9b41870b0897e3f82e75ff6862936c23de60396842147e0e540f3823378e2fbd096c01416b08a75ae0fc2bfd0be64386551c6a94b6e01a2181c8c78f0558d5a986d3e2310d30e0af02b27244d264e6470d7bee45a7552fd7ec9401f5c76efcdedad5817c8b7c4911849fc61cab4ca0f7f6b735b0cc4b310ae9244b587973f2d7b300f60c27f10067daf2379e727c429742
[ 146.6s] HIT #5: 255 bytes  5c35d554a62084fea61ca88a6f797bc6ae0576eae0a2663e00a0f32154ae70b59779fd91416b11fda6c927f2cf2c7d16acff39ee885f969bf0ffea72bae8eab188080998b9743af4064a5723076c0130e3902b322fa10e150982c371d13a1e70714425cef8a33fd50c77372196fb72bd2892b0444f1d05ed0644141e4478c304bd0b39fcfd627c842a51aa397b828cf1c2c7e0f37b340c4ea8718fe944a5ba0c5c4ac5f474a0fefbb0ccd0df8beb870aee87096f45a3076de9f612839dc9bddf0b3f4b7d52f5bf50f97c8a918ad7094abe2944ecb7b1d685952b0008f20f039e883b4735f756e911906aac52713a93251fee8a2b787a86493f0a52e617ce7d
[ 147.1s] HIT #6: 255 bytes  6dc9602c64b5667ec92b53c696a3bd6634ee727a6dbbaded78cc8917318e06d32194c1e43f411fc4f6018102cfe7d61acea8df4027b78238fc547727f5a16335be84a6def2d9c044e09f0b7b0011d5b7429558721511fb2d6484b1424a2aa3332623ed48b58b3e4870fdd66b2f9c753ca3c1dadb60d6036f5586c7605f10e95bac92d536131141604204c3fd8306e588db5f2c80a7b33f6a588630aacd2a523cef5dfd1c147712e510084c8edb0340a91046014bf8d843d03c106d24f39f89afe978959978c5ac2024009b57449b0edebc957080d55cc22a6e9bf71d0834122819c522bb11dfb95b8243af7ad12b7479632c58840b268e9aa52adee568d732
[ 171.1s] HIT #7: 255 bytes  498fdb6de62c4b38c3673ae4e91d32413970fec2197e8d6aff499374b7a834705a7a09d427f8999355ca67e510e31d2fccde4457c63a2a6695117a50a0a691f3d10e422e18d8822b965f6679f0c0e15ef60f78b9e1d48abffdd96bc426fe0c6ff8309ee413236add8bb5e61b327b522a29db9f9558f6133800a6f1358cc7a3849b2ee38cd51f8c4c42a60e057931bb15855dea834796892c35aca33e3353dd7eaffedb77be88a17d052cfea1b44b074e7b42f52f0ee727079382e3a1a8807f2f884a3c4ebcf4f97f9a791da23457c20016c3d3e9d0dcc979b9ae2a40cff4b09348fd0cf5c62b42ee3a75ce3d5fb93b041e9935730e70fa7eedf0a1a774dbf5

Done. 7 sync-qualified hits in 180s.
===== RESETUP set from recv thread
Error in resetup():Exception('No Dongle Found.  Please insert a RFCAT dongle.')
