Listening on /dev/cu.usbserial-1460 at 115200 baud. Ctrl-C to stop.
[    5.282s] TEXT: '...;.'
[    5.282s] TEXT: '.....'
[    5.282s] TEXT: '.....'
[    5.282s] TEXT: '.....'
[    5.282s] TEXT: '.....'
[    5.282s] FRAME (len=56): 38 00 11 00 01 00 00 00 01 00 46 81 9E E3 00 1D 00 0F 20 00 34 09 57 27 56 BB 00 00 00 00 00 00 61 07 00 00 2B 00 24 01 00 88 00 00 98 00 9F 00 01 00 00 00 58 0B FF C7
[    5.282s] FRAME (len=12): 0C 00 11 00 00 00 00 00 01 00 61 76
[    5.282s] FRAME (len=12): 0C 00 11 00 0B 00 00 00 01 00 C3 B5
[    5.282s] FRAME (len=16): 10 00 11 00 0F 00 00 00 01 00 02 F1 00 00 35 76
[    5.282s] FRAME (len=15): 10 00 11 00 0F 00 80 01 00 05 F1 00 00 18 27
[   10.563s] TEXT: '...;.'
[   10.563s] FRAME (len=56): 38 00 11 00 01 00 00 00 01 00 00 12 4B 00 38 0D 16 FD 03 00 EF 04 59 27 31 41 DA FF 64 00 EE 02 00 00 00 00 00 00 0A 04 00 00 00 00 00 00 06 01 00 00 00 00 00 00 99 D2
[   10.971s] TEXT: '...;.'
[   10.971s] FRAME (len=56): 38 00 11 00 01 00 00 00 01 00 46 81 9E E3 00 1D 00 0F 20 00 34 09 57 27 56 BB 00 00 00 00 00 00 61 07 00 00 2B 00 24 01 00 88 00 00 98 00 9F 00 01 00 00 00 58 0B FF C7
[   11.176s] TEXT: '.....'
[   11.176s] FRAME (len=12): 0C 00 11 00 00 00 00 00 01 00 61 76
[   11.790s] TEXT: '...;.'
[   11.790s] FRAME (len=56): 38 00 11 00 05 00 00 00 01 00 46 81 9E E3 00 1D 00 0F 00 01 00 00 00 00 00 00 09 00 16 25 61 07 73 62 00 00 FF 04 FF 0F 04 40 0C FE 00 00 00 01 00 13 00 00 2C CC 40 49
[   16.877s] TEXT: '...;.'
[   16.877s] TEXT: '.....'
[   16.877s] FRAME (len=56): 38 00 11 00 01 00 00 00 01 00 46 81 9E E3 00 1D 00 0F 20 00 34 09 57 27 56 BB 00 00 00 00 00 00 61 07 73 62 2B 00 24 01 00 88 00 00 98 00 9F 00 09 00 00 00 58 0B 21 99
[   16.877s] FRAME (len=12): 0C 00 11 00 00 00 00 00 01 00 61 76
[   23.195s] TEXT: '....ERR: Uart framing error....ERR: Uart unknown error...;.'
[   23.195s] TEXT: '.....'
[   23.195s] FRAME (len=56): 38 00 11 00 01 00 00 00 01 00 46 81 9E E3 00 1D 00 0F 20 00 34 09 57 27 56 BB 00 00 00 00 00 00 61 07 73 62 2B 00 24 01 00 88 00 00 98 00 9F 00 09 00 00 00 58 0B 21 99
[   23.195s] FRAME (len=12): 0C 00 11 00 00 00 00 00 01 00 61 76
[   29.507s] TEXT: '...;.'
[   29.507s] TEXT: '.....'
[   29.507s] TEXT: '.....'
[   29.507s] TEXT: '.....'
[   29.507s] TEXT: '.....'
[   29.507s] TEXT: '.....'
[   29.507s] FRAME (len=56): 38 00 11 00 01 00 00 00 01 00 46 81 9E E3 00 1D 00 0F 20 00 5F 09 57 27 56 9B 00 00 00 00 00 00 61 07 73 62 2A 00 26 01 00 88 00 00 98 00 9F 00 09 00 00 00 CB 0B 2B 65
[   29.507s] FRAME (len=16): 10 00 11 00 08 00 00 00 01 00 04 00 00 00 34 99
[   29.507s] FRAME (len=12): 0C 00 11 00 00 00 00 00 01 00 61 76
[   29.507s] FRAME (len=12): 0C 00 11 00 0B 00 00 00 01 00 C3 B5
[   29.507s] FRAME (len=16): 10 00 11 00 0F 00 00 00 01 00 02 F1 00 00 35 76
[   29.507s] FRAME (len=16): 10 00 11 00 0F 00 00 00 01 00 05 F1 00 00 18 27
[   35.609s] TEXT: '...;.'
[   35.609s] TEXT: '.....'
[   35.609s] FRAME (len=56): 38 00 11 00 01 00 00 00 01 00 46 81 9E E3 00 1D 00 0F 20 00 5F 09 57 27 56 9B 00 00 00 00 00 00 61 07 73 62 2A 00 26 01 00 88 00 00 98 00 9F 00 09 00 00 00 CB 0B 2B 65
[   35.609s] FRAME (len=12): 0C 00 11 00 00 00 00 00 01 00 61 76
[   37.235s] TEXT: '...;.'
[   37.235s] FRAME (len=56): 38 00 11 00 01 00 00 00 01 00 00 12 4B 00 38 0D 16 FD 03 00 09 05 59 27 31 29 DB FF 64 00 EE 02 00 00 00 00 00 00 0A 04 00 00 00 00 00 00 06 01 00 00 00 00 00 00 66 95
[   41.717s] TEXT: '....TX succeeded...;.'
[   41.717s] TEXT: '.....'
[   41.717s] FRAME (len=56): 38 00 11 00 01 00 00 00 01 00 46 81 9E E3 00 1D 00 0F 20 00 5F 09 57 27 56 9B 00 00 00 00 00 00 61 07 73 62 2A 00 26 01 00 88 00 00 98 00 9F 00 09 00 00 00 CB 0B 2B 65
[   41.717s] FRAME (len=12): 0C 00 11 00 00 00 00 00 01 00 61 76
[   48.017s] TEXT: "...;...........F....... ._.W'V.......a.sb*.&...............+e}....."
[   48.017s] FRAME (len=12): 0C 00 11 00 00 00 00 00 01 00 61 76
[   54.344s] TEXT: '...;.'
[   54.344s] TEXT: '.....'
[   54.344s] TEXT: '.....'
[   54.344s] TEXT: '.....'
[   54.344s] FRAME (len=56): 38 00 11 00 01 00 00 00 01 00 46 81 9E E3 00 1D 00 0F 20 00 96 09 57 27 56 8F 00 00 00 00 00 00 61 07 73 62 29 00 26 01 00 88 00 00 98 00 9F 00 09 00 00 00 2A 0C 8F E1
[   54.344s] FRAME (len=16): 10 00 11 00 08 00 00 00 01 00 04 00 00 00 34 99
[   54.344s] FRAME (len=12): 0C 00 11 00 00 00 00 00 01 00 61 76
[   54.344s] FRAME (len=12): 0C 00 11 00 0B 00 00 00 01 00 C3 B5
[   60.455s] TEXT: '...;.'
[   60.455s] TEXT: '.....'
[   60.455s] FRAME (len=56): 38 00 11 00 01 00 00 00 01 00 46 81 9E E3 00 1D 00 0F 20 00 96 09 57 27 56 8F 00 00 00 00 00 00 61 07 73 62 29 00 26 01 00 88 00 00 98 00 9F 00 09 00 00 00 2A 0C 8F E1
[   60.455s] FRAME (len=12): 0C 00 11 00 00 00 00 00 01 00 61 76
[   66.567s] TEXT: "...;.............K.8\r....&.Y'1M............\n.................}....TX succeeded...;."
[   66.567s] FRAME (len=56): 38 00 11 00 01 00 00 00 01 00 46 81 9E E3 00 1D 00 0F 20 00 96 09 57 27 56 8F 00 00 00 00 00 00 61 07 73 62 29 00 26 01 00 88 00 00 98 00 9F 00 09 00 00 00 2A 0C 8F E1
[   66.768s] TEXT: '.....'
[   66.768s] FRAME (len=12): 0C 00 11 00 00 00 00 00 01 00 61 76
[   72.884s] TEXT: '...;.'
[   72.884s] TEXT: '.....'
[   72.884s] FRAME (len=56): 38 00 11 00 01 00 00 00 01 00 46 81 9E E3 00 1D 00 0F 20 00 96 09 57 27 56 8F 00 00 00 00 00 00 61 07 73 62 29 00 26 01 00 88 00 00 98 00 9F 00 09 00 00 00 2A 0C 8F E1
[   72.884s] FRAME (len=12): 0C 00 11 00 00 00 00 00 01 00 61 76
[   79.201s] TEXT: '...;.'
[   79.201s] TEXT: '.....'
[   79.201s] TEXT: '.....'
[   79.201s] TEXT: '.....'
[   79.201s] FRAME (len=56): 38 00 11 00 01 00 00 00 01 00 46 81 9E E3 00 1D 00 0F 20 00 C2 09 57 27 56 9B 00 00 00 00 00 00 61 07 73 62 29 00 27 01 00 88 00 00 98 00 9F 00 09 00 00 00 63 0C E1 AC
[   79.201s] FRAME (len=16): 10 00 11 00 08 00 00 00 01 00 04 00 00 00 34 99
[   79.201s] FRAME (len=12): 0C 00 11 00 00 00 00 00 01 00 61 76
[   79.201s] FRAME (len=12): 0C 00 11 00 0B 00 00 00 01 00 C3 B5
[   85.314s] TEXT: '...;.'
[   85.314s] TEXT: '.....'
[   85.314s] FRAME (len=56): 38 00 11 00 01 00 00 00 01 00 46 81 9E E3 00 1D 00 0F 20 00 C2 09 57 27 56 9B 00 00 00 00 00 00 61 07 73 62 29 00 27 01 00 88 00 00 98 00 9F 00 09 00 00 00 63 0C E1 AC
[   85.314s] FRAME (len=12): 0C 00 11 00 00 00 00 00 01 00 61 76
[   89.792s] TEXT: '...;.'
[   89.792s] FRAME (len=56): 38 00 11 00 01 00 00 00 01 00 00 12 4B 00 38 0D 16 FD 03 00 3F 05 59 27 31 49 DC FF 00 00 EE 02 00 00 00 00 00 00 0A 04 00 00 00 00 00 00 06 01 00 00 00 00 00 00 E7 14
[   91.426s] TEXT: '....TX succeeded...;.'
[   91.426s] FRAME (len=56): 38 00 11 00 01 00 00 00 01 00 46 81 9E E3 00 1D 00 0F 20 00 C2 09 57 27 56 9B 00 00 00 00 00 00 61 07 73 62 29 00 27 01 00 88 00 00 98 00 9F 00 09 00 00 00 63 0C E1 AC
[   91.627s] TEXT: '.....'
[   91.627s] FRAME (len=12): 0C 00 11 00 00 00 00 00 01 00 61 76
[   97.751s] TEXT: '...;.'
[   97.751s] TEXT: '.....'
[   97.751s] FRAME (len=56): 38 00 11 00 01 00 00 00 01 00 46 81 9E E3 00 1D 00 0F 20 00 C2 09 57 27 56 9B 00 00 00 00 00 00 61 07 73 62 29 00 27 01 00 88 00 00 98 00 9F 00 09 00 00 00 63 0C E1 AC
[   97.751s] FRAME (len=12): 0C 00 11 00 00 00 00 00 01 00 61 76
[  104.079s] TEXT: '...;.'
[  104.079s] TEXT: '.....'
[  104.079s] TEXT: '.....'
[  104.079s] TEXT: '.....'
[  104.079s] FRAME (len=56): 38 00 11 00 01 00 00 00 01 00 46 81 9E E3 00 1D 00 0F 20 00 F6 09 57 27 56 93 00 00 00 00 00 00 61 07 73 62 27 00 28 01 00 88 00 00 98 00 9F 00 09 00 00 00 8A 0C D0 DC
[  104.079s] FRAME (len=16): 10 00 11 00 08 00 00 00 01 00 04 00 00 00 34 99
[  104.079s] FRAME (len=12): 0C 00 11 00 00 00 00 00 01 00 61 76
[  104.079s] FRAME (len=12): 0C 00 11 00 0B 00 00 00 01 00 C3 B5
[  110.187s] TEXT: '...;.'
[  110.187s] TEXT: '.....'
[  110.187s] FRAME (len=56): 38 00 11 00 01 00 00 00 01 00 46 81 9E E3 00 1D 00 0F 20 00 F6 09 57 27 56 93 00 00 00 00 00 00 61 07 73 62 27 00 28 01 00 88 00 00 98 00 9F 00 09 00 00 00 8A 0C D0 DC
[  110.187s] FRAME (len=12): 0C 00 11 00 00 00 00 00 01 00 61 76
[  115.489s] TEXT: '...;.'
[  115.489s] FRAME (len=56): 38 00 11 00 01 00 00 00 01 00 00 12 4B 00 38 0D 16 FD 03 00 56 05 59 27 31 11 DC FF 00 00 EE 02 00 00 00 00 00 00 0A 04 00 00 00 00 00 00 06 01 00 00 00 00 00 00 5E 14
[  116.305s] TEXT: '....TX succeeded...;.'
[  116.305s] FRAME (len=56): 38 00 11 00 01 00 00 00 01 00 46 81 9E E3 00 1D 00 0F 20 00 F6 09 57 27 56 93 00 00 00 00 00 00 61 07 73 62 27 00 28 01 00 88 00 00 98 00 9F 00 09 00 00 00 8A 0C D0 DC
[  116.510s] TEXT: '.....'
[  116.510s] FRAME (len=12): 0C 00 11 00 00 00 00 00 01 00 61 76
[  122.622s] TEXT: '...;.'
[  122.622s] TEXT: '.....'
[  122.622s] FRAME (len=56): 38 00 11 00 01 00 00 00 01 00 46 81 9E E3 00 1D 00 0F 20 00 F6 09 57 27 56 93 00 00 00 00 00 00 61 07 73 62 27 00 28 01 00 88 00 00 98 00 9F 00 09 00 00 00 8A 0C D0 DC
[  122.622s] FRAME (len=12): 0C 00 11 00 00 00 00 00 01 00 61 76
[  128.948s] TEXT: '...;.'
[  128.948s] TEXT: '.....'
[  128.948s] TEXT: '.....'
[  128.948s] FRAME (len=56): 38 00 11 00 01 00 00 00 01 00 46 81 9E E3 00 1D 00 0F 20 00 20 0A 56 27 56 CB 00 00 00 00 00 00 61 07 73 62 27 00 2B 01 00 88 00 00 98 00 9F 00 09 00 00 00 C3 0C 46 57
[  128.948s] FRAME (len=12): 0C 00 11 00 00 00 00 00 01 00 61 76
[  128.948s] FRAME (len=12): 0C 00 11 00 0B 00 00 00 01 00 C3 B5
