Listening on /dev/cu.usbserial-1460 at 115200 baud. Ctrl-C to stop.
[    1.220s] TEXT: '\\r\\n .'
[    1.220s] TEXT: '\\r\\n \\r\\n .'
[    1.220s] TEXT: '\\r\\n \\r\\n \\r\\n .'
[    1.220s] FRAME (len=56): 38 00 01 00 05 00 01 00 00 00 46 81 9E E3 00 1D 00 0F 00 01 00 00 00 00 00 00 09 00 16 25 61 07 D3 38 00 00 FF 04 FF 0F 04 00 0C FE 00 00 00 01 00 13 90 0B 2C CC 39 92
[    1.220s] FRAME (len=56): 38 00 01 00 05 00 01 00 00 00 00 12 4B 00 38 0D 16 FD 00 00 00 00 00 00 00 00 3E 00 FF 41 04 00 00 00 90 01 14 00 00 00 00 00 00 00 00 00 00 00 00 00 00 00 00 00 BA 74
[    1.220s] FRAME (len=12): 0C 00 01 00 03 00 01 00 00 00 B0 C0
[    1.628s] TEXT: '\\r\\n \\r\\n .'
[    1.628s] FRAME (len=12): 0C 00 01 00 03 00 01 00 00 00 B0 C0
[    7.120s] TEXT: '\\r\\n \\r\\n .'
[    7.120s] TEXT: '\\r\\n \\r\\n \\r\\n .'
[    7.120s] FRAME (len=56): 38 00 01 00 05 00 01 00 00 00 46 81 9E E3 00 1D 00 0F 00 01 00 00 00 00 00 00 09 00 16 25 61 07 D3 38 00 00 FF 04 FF 0F 04 00 0C FE 00 00 00 01 00 13 90 0B 2C CC 39 92
[    7.120s] FRAME (len=12): 0C 00 01 00 03 00 01 00 00 00 B0 C0
[   13.441s] TEXT: '\\r\\n \\r\\n .'
[   13.441s] TEXT: '\\r\\n \\r\\n .'
[   13.441s] TEXT: '\\r\\n \\r\\n \\r\\n .'
[   13.441s] FRAME (len=56): 38 00 01 00 05 00 01 00 00 00 46 81 9E E3 00 1D 00 0F 00 01 00 00 00 00 00 00 09 00 16 25 61 07 D3 38 00 00 FF 04 FF 0F 04 00 0C FE 00 00 00 01 00 13 90 0B 2C CC 39 92
[   13.441s] FRAME (len=56): 38 00 01 00 05 00 01 00 00 00 00 12 4B 00 38 0D 16 FD 00 00 00 00 00 00 00 00 3E 00 FF 41 04 00 00 00 90 01 14 00 00 00 00 00 00 00 00 00 00 00 00 00 00 00 00 00 BA 74
[   13.441s] FRAME (len=12): 0C 00 01 00 03 00 01 00 00 00 B0 C0
[   19.957s] TEXT: '\\r\\n \\r\\n .'
[   19.957s] TEXT: '\\r\\n \\r\\n .'
[   19.957s] TEXT: '\\r\\n \\r\\n \\r\\n .'
[   19.957s] FRAME (len=56): 38 00 01 00 05 00 01 00 00 00 46 81 9E E3 00 1D 00 0F 00 01 00 00 00 00 00 00 09 00 16 25 61 07 D3 38 00 00 FF 04 FF 0F 04 00 0C FE 00 00 00 01 00 13 90 0B 2C CC 39 92
[   19.957s] FRAME (len=56): 38 00 01 00 05 00 01 00 00 00 00 12 4B 00 38 0D 16 FD 00 00 00 00 00 00 00 00 3E 00 FF 41 04 00 00 00 90 01 14 00 00 00 00 00 00 00 00 00 00 00 00 00 00 00 00 00 BA 74
[   19.957s] FRAME (len=12): 0C 00 01 00 03 00 01 00 00 00 B0 C0
[   26.073s] TEXT: '\\r\\n \\r\\n .'
[   26.073s] TEXT: '\\r\\n \\r\\n .'
[   26.073s] TEXT: '\\r\\n \\r\\n \\r\\n .'
[   26.073s] FRAME (len=56): 38 00 01 00 05 00 01 00 00 00 46 81 9E E3 00 1D 00 0F 00 01 00 00 00 00 00 00 09 00 16 25 61 07 D3 38 00 00 FF 04 FF 0F 04 00 0C FE 00 00 00 01 00 13 90 0B 2C CC 39 92
[   26.073s] FRAME (len=56): 38 00 01 00 05 00 01 00 00 00 00 12 4B 00 38 0D 16 FD 00 00 00 00 00 00 00 00 3E 00 FF 41 04 00 00 00 90 01 14 00 00 00 00 00 00 00 00 00 00 00 00 00 00 00 00 00 BA 74
[   26.073s] FRAME (len=12): 0C 00 01 00 03 00 01 00 00 00 B0 C0
[   26.482s] TEXT: '\\r\\n \\r\\n .'
[   26.482s] FRAME (len=12): 0C 00 01 00 03 00 01 00 00 00 B0 C0
[   26.890s] TEXT: '\\r\\n \\r\\n .'
[   26.890s] FRAME (len=16): 10 00 01 00 08 00 01 00 00 00 05 08 10 40 B5 38
[   34.037s] TEXT: '\\r\\n .'
[   34.870s] FRAME (len=847): 24 00 64 9C 9F 7C 00 84 6C E0 7C 02 0C 04 04 8C 0C 6C E4 04 63 3C 87 83 03 E4 1B 92 73 93 63 C4 0C 63 84 FB 6F 6F DF 64 6E 6F 9C E3 E4 0C 62 1C 70 8C 87 6C 3B 6C 73 6C 78 F3 27 E0 10 03 0C 0C 83 04 24 0C 0C 04 04 04 0C 63 0C 6E E3 7C 03 6C EC 84 04 0C 63 8C F3 6F 6F EE 00 6C 84 8F 6C 60 02 D8 13 1B 6F 67 0C 64 60 03 0F 02 67 73 8E 9B 9B 67 0C 04 7B 04 6C 60 03 38 F3 6F E0 10 02 0C 04 7B 8C 9C DC E3 E0 04 04 0C 0C 63 04 6F E3 7C 02 8C 8F 1C 8C 0C 63 8C F3 6E 6F EE 00 0C 04 64 60 03 90 1B 1B 6F 67 0C 64 60 03 0F 03 67 73 C7 93 9B 6F 0C 0C 93 E4 9B 60 02 07 73 9B 9B 6F 0C 0C 93 E4 DB 60 03 3B 6C 8C 63 F2 67 27 9F C4 9F 70 7C 04 8F 63 70 00 6C 63 84 1B 6F 38 60 13 63 00 73 6C 00 6C 9C 9F 7C 00 8C 6C E0 7C 03 04 04 0C 8C 0C 64 E4 0C 63 7C 87 83 03 E4 1B 92 73 93 63 6C 0C 63 84 FB 6F 67 DF 64 6E 6F 9C E3 E4 04 62 1C 70 EC 87 6C 7B 6C 73 6C 78 F2 67 E0 10 03 0C 0C 83 04 64 04 0C 0C 0C 04 04 63 0C 67 E3 7C 03 64 EC 8C 0C 04 62 C4 FB 67 67 EF 00 64 C4 87 6C 60 03 D8 13 1B 6F 67 0C 64 60 03 0F 03 67 73 C7 93 9B 6F 0C 0C 73 04 24 60 03 78 F3 27 E0 10 03 0C 0C 73 84 9C 9C E2 E0 0C 04 04 04 63 0C 67 E3 7C 03 C4 87 1C 84 0C 62 84 FB 67 67 EF 00 04 04 6C 60 03 90 12 13 27 6E 04 6C 60 02 07 03 6E 7B 8F DB 92 67 04 04 9B EC 93 20 03 0F 7B DB 92 67 04 04 9B EC 93 20 03 73 6C 84 62 F3 6E 6F 9F 8C DF 78 7C 04 87 63 70 00 6C 62 84 1B 67 70 60 13 63 83 1B 62 93 63 83 FB 67 67 F3 9B 6F E0 63 82 67 23 70 7F 9B 6F 0F 64 1C 83 6F E0 8F 02 67 E4 DB 6F 7F 1B 62 0C 04 04 EC 8C 0C 64 6C 78 63 82 93 20 03 1C 83 67 E0 87 03 6E 24 6C 67 9C E3 EC 04 0C 0C 6C 9B 6C 6C 0E 64 1C 83 6E E0 8F 03 67 EC 1B 9B 9B 82 63 04 04 04 87 0C 6C 6C 6C 7F 73 64 3B 6C 0C F2 67 27 9F E4 7C FB 02 8C F3 6F E7 00 0C 8C 23 07 6C 04 F3 6F 6F 9F 8C 67 6E 9F EC 92 83 93 60 03 7F 82 13 13 04 C4 6F 67 9E E4 9B 83 92 60 03 7E 83 1B 62 0C 84 6E 6F 9F EC 93 83 9B 60 02 FC 8C 04 04 04 FF 33 66 63 2C 30 78 33 66 63 30 30 30 8C E3 03 EC 13 83 6E E4 DB 72 83 F3 6E 7C EC 0C 6C 0C 64 64 24 60 03 1C 63 93 13 03 0C 9F 7C 03 73 93 03 6C 9C 67 E0 04 83 6E E3 00 0C 6C 60 03 8C E3 7B 93 6C 8C 64 1B 84 0C 0C 0C 64 60 03 8C E3 72 9B 6C E4 64 13 8C 0C 0C 04 64 60 03 84 E2 73 9B 64 04 87 9F 40 0D 0A 53 79 73 74 65 6D 20 69 6E 69 74 2E 2E 2E 0D 0A 0D 0A 47 6C 6F 62 61 6C 20 63 6F 6E 73 74 72 75 63 74 6F 72 73 20 69 6E 76 6F 6B 65 64 0D 0A 45 5A 46 4C 41 47 3A 35 64 63 36 0D 0A 52 45 4C 45 41 53 45 3A 20 44 65 76 69 63 65 20 74 79 70 65 20 64 65 74 65 63 74 65 64 3A 32 0D 0A 73 6C 65 65 70 20 64 69 73 61 62 6C 65 0D 0A 0D 0A 00 7B 10 00 01 00 15 00 01 00 00 00 00 00 00 00 4B 7A
[   35.072s] TEXT: '\\r\\n mode : sta(ac:0b:fb:e0:c3:c9)\\r\\n add if0\\r\\n \\r\\n .'
[   35.072s] FRAME (len=56): 38 00 01 00 05 00 01 00 00 00 46 81 9E E3 00 1D 00 0F 01 01 00 00 98 00 9F 00 01 00 00 00 61 07 D3 38 00 00 00 00 FF 0F 04 00 0C FE 00 00 00 01 00 13 90 0B 2C CC D1 5D
[   35.478s] TEXT: '\\r\\n \\r\\n .'
[   35.478s] FRAME (len=18): 12 00 01 00 07 00 01 00 00 00 04 03 00 00 00 00 9D 87
[   37.513s] TEXT: '\\r\\n \\r\\n .'
[   37.513s] FRAME (len=16): 10 00 01 00 08 00 01 00 00 00 05 08 10 40 B5 38
[   39.547s] TEXT: '\\r\\n scandone\\r\\n state: 0 -> 2 (b0)\\r\\n state: 2 -> 3 (0)\\r\\n state: 3 -> 5 (10)\\r\\n add 0\\r\\n aid 17\\r\\n cnt \\r\\n \\r\\n connected with Gipsy Danger IOT, channel 1\\r\\n dhcp client start...\\r\\n ip:192.168.1.55,mask:255.255.255.0,gw:192.168.1.1\\r\\n \\r\\n .'
[   39.547s] TEXT: '\\r\\n \\r\\n .'
[   39.547s] FRAME (len=43): 2B 00 01 00 10 00 01 00 00 00 68 34 6B 38 32 50 4C 49 6C 46 53 75 41 4B 70 74 4B 63 6B 59 47 39 33 53 74 64 34 48 4B 66 00 C5 6B
[   39.547s] FRAME (len=12): 0C 00 01 00 03 00 01 00 00 00 B0 C0
[   40.365s] TEXT: '\\r\\n \\r\\n .'
[   40.365s] FRAME (len=16): 10 00 01 00 08 00 01 00 00 00 05 08 10 40 B5 38
[   41.180s] TEXT: '\\r\\n \\r\\n .'
[   41.180s] TEXT: '\\r\\n \\r\\n \\r\\n .'
[   41.180s] FRAME (len=56): 38 00 01 00 05 00 01 00 00 00 46 81 9E E3 00 1D 00 0F 00 01 00 00 00 00 00 00 09 00 16 25 61 07 D3 38 00 00 FF 04 FF 0F 04 00 0C FE 00 00 00 01 00 13 90 0B 2C CC 39 92
[   41.180s] FRAME (len=12): 0C 00 01 00 03 00 01 00 00 00 B0 C0
[   47.082s] TEXT: '\\r\\n \\r\\n .'
[   47.082s] TEXT: '\\r\\n \\r\\n \\r\\n .'
[   47.082s] FRAME (len=56): 38 00 01 00 05 00 01 00 00 00 46 81 9E E3 00 1D 00 0F 00 01 00 00 00 00 00 00 09 00 16 25 61 07 D3 38 00 00 FF 04 FF 0F 04 00 0C FE 00 00 00 01 00 13 90 0B 2C CC 39 92
[   47.082s] FRAME (len=12): 0C 00 01 00 03 00 01 00 00 00 B0 C0
[   53.995s] TEXT: '\\r\\n pm open,type:0 0\\r\\n \\r\\n .'
[   53.995s] TEXT: '\\r\\n \\r\\n \\r\\n .'
[   53.995s] FRAME (len=56): 38 00 01 00 05 00 01 00 00 00 46 81 9E E3 00 1D 00 0F 00 01 00 00 00 00 00 00 09 00 16 25 61 07 D3 38 00 00 FF 04 FF 0F 04 00 0C FE 00 00 00 01 00 13 90 0B 2C CC 39 92
[   53.995s] FRAME (len=12): 0C 00 01 00 03 00 01 00 00 00 B0 C0
[   59.306s] TEXT: '\\r\\n \\r\\n .'
[   59.306s] TEXT: '\\r\\n \\r\\n .'
[   59.306s] FRAME (len=109): 6D 00 01 00 02 00 01 00 00 00 47 69 70 73 79 20 44 61 6E 67 65 72 20 49 4F 54 00 00 00 00 00 00 00 00 00 00 00 00 00 00 00 00 63 68 61 6D 62 65 72 6F 66 73 65 63 72 65 74 73 00 00 00 00 00 00 00 00 00 00 00 00 00 00 00 00 00 00 00 00 00 00 00 00 00 00 00 00 00 00 00 00 00 00 00 00 00 00 00 00 00 00 00 00 00 00 00 00 B4 25 C8
[   59.306s] FRAME (len=45): 2D 00 01 00 1B 00 01 00 00 00 68 74 74 70 3A 2F 2F 61 70 69 2E 66 6C 61 69 72 2E 63 6F 3A 38 30 00 00 00 00 00 00 00 00 00 00 00 EA 09
[   59.715s] TEXT: '\\r\\n \\r\\n .'
[   59.715s] TEXT: '\\r\\n \\r\\n \\r\\n .'
[   59.715s] FRAME (len=56): 38 00 01 00 05 00 01 00 00 00 46 81 9E E3 00 1D 00 0F 00 01 00 00 00 00 00 00 09 00 16 25 61 07 D3 38 00 00 FF 04 FF 0F 04 00 0C FE 00 00 00 01 00 13 90 0B 2C CC 39 92
[   59.715s] FRAME (len=12): 0C 00 01 00 03 00 01 00 00 00 B0 C0
[   60.943s] TEXT: '\\r\\n \\r\\n .'
[   60.943s] FRAME (len=12): 0C 00 01 00 03 00 01 00 00 00 B0 C0
[   65.827s] TEXT: '\\r\\n \\r\\n .'
[   65.827s] TEXT: '\\r\\n \\r\\n \\r\\n .'
[   65.827s] FRAME (len=56): 38 00 01 00 05 00 01 00 00 00 46 81 9E E3 00 1D 00 0F 00 01 00 00 00 00 00 00 09 00 16 25 61 07 D3 38 00 00 FF 04 FF 0F 04 00 0C FE 00 00 00 01 00 13 90 0B 2C CC 39 92
[   65.827s] FRAME (len=12): 0C 00 01 00 03 00 01 00 00 00 B0 C0
[   71.927s] TEXT: '\\r\\n \\r\\n .'
[   71.927s] TEXT: '\\r\\n \\r\\n \\r\\n .'
[   71.927s] FRAME (len=56): 38 00 01 00 05 00 01 00 00 00 46 81 9E E3 00 1D 00 0F 00 01 00 00 00 00 00 00 09 00 16 25 61 07 73 62 00 00 FF 04 FF 0F 04 40 0C FE 00 00 00 01 00 13 00 00 2C CC BF CF
[   71.927s] FRAME (len=12): 0C 00 01 00 03 00 01 00 00 00 B0 C0
[   73.344s] TEXT: '\\r\\n \\r\\n .'
[   73.344s] FRAME (len=16): 10 00 01 00 08 00 01 00 00 00 05 08 10 40 B5 38
[   78.016s] TEXT: '\\r\\n \\r\\n .'
[   78.016s] TEXT: '\\r\\n \\r\\n \\r\\n .'
[   78.016s] FRAME (len=56): 38 00 01 00 05 00 01 00 00 00 46 81 9E E3 00 1D 00 0F 00 01 00 00 00 00 00 00 09 00 16 25 61 07 73 62 00 00 FF 04 FF 0F 04 40 0C FE 00 00 00 01 00 13 00 00 2C CC BF CF
[   78.016s] FRAME (len=12): 0C 00 01 00 03 00 01 00 00 00 B0 C0
[   84.320s] TEXT: '\\r\\n \\r\\n .'
[   84.320s] TEXT: '\\r\\n \\r\\n .'
[   84.320s] TEXT: '\\r\\n \\r\\n \\r\\n .'
[   84.320s] FRAME (len=12): 0C 00 01 00 03 00 01 00 00 00 B0 C0
[   84.320s] FRAME (len=56): 38 00 01 00 05 00 01 00 00 00 46 81 9E E3 00 1D 00 0F 00 01 00 00 00 00 00 00 09 00 16 25 61 07 73 62 00 00 FF 04 FF 0F 04 40 0C FE 00 00 00 01 00 13 00 00 2C CC BF CF
[   84.320s] FRAME (len=12): 0C 00 01 00 03 00 01 00 00 00 B0 C0
[   85.140s] TEXT: '\\r\\n \\r\\n .'
[   85.140s] FRAME (len=12): 0C 00 01 00 03 00 01 00 00 00 B0 C0
[   90.635s] TEXT: '\\r\\n \\r\\n .'
[   90.635s] TEXT: '\\r\\n \\r\\n \\r\\n .'
[   90.635s] FRAME (len=56): 38 00 01 00 05 00 01 00 00 00 46 81 9E E3 00 1D 00 0F 00 01 00 00 00 00 00 00 09 00 16 25 61 07 73 62 00 00 FF 04 FF 0F 04 40 0C FE 00 00 00 01 00 13 00 00 2C CC BF CF
[   90.635s] FRAME (len=12): 0C 00 01 00 03 00 01 00 00 00 B0 C0
[   96.137s] TEXT: '\\r\\n \\r\\n .'
[   96.137s] FRAME (len=16): 10 00 01 00 08 00 01 00 00 00 05 08 10 40 B5 38
[   96.744s] TEXT: '\\r\\n \\r\\n .'
[   96.744s] TEXT: '\\r\\n \\r\\n \\r\\n .'
[   96.744s] FRAME (len=56): 38 00 01 00 05 00 01 00 00 00 46 81 9E E3 00 1D 00 0F 00 01 00 00 00 00 00 00 09 00 16 25 61 07 73 62 00 00 FF 04 FF 0F 04 40 0C FE 00 00 00 01 00 13 00 00 2C CC BF CF
[   96.744s] FRAME (len=12): 0C 00 01 00 03 00 01 00 00 00 B0 C0
[  103.061s] TEXT: '\\r\\n \\r\\n .'
[  103.061s] TEXT: '\\r\\n \\r\\n \\r\\n .'
[  103.061s] FRAME (len=56): 38 00 01 00 05 00 01 00 00 00 46 81 9E E3 00 1D 00 0F 00 01 00 00 00 00 00 00 09 00 16 25 61 07 73 62 00 00 FF 04 FF 0F 04 40 0C FE 00 00 00 01 00 13 00 00 2C CC BF CF
[  103.061s] FRAME (len=12): 0C 00 01 00 03 00 01 00 00 00 B0 C0
[  109.188s] TEXT: '\\r\\n \\r\\n .'
[  109.391s] TEXT: '\\r\\n \\r\\n \\r\\n .'
[  109.391s] FRAME (len=56): 38 00 01 00 05 00 01 00 00 00 46 81 9E E3 00 1D 00 0F 00 01 00 00 00 00 00 00 09 00 16 25 61 07 73 62 00 00 FF 04 FF 0F 04 40 0C FE 00 00 00 01 00 13 00 00 2C CC BF CF
[  109.391s] FRAME (len=12): 0C 00 01 00 03 00 01 00 00 00 B0 C0
[  109.800s] TEXT: '\\r\\n \\r\\n .'
[  109.800s] FRAME (len=12): 0C 00 01 00 03 00 01 00 00 00 B0 C0
[  115.492s] TEXT: '\\r\\n \\r\\n .'
[  115.492s] TEXT: '\\r\\n \\r\\n \\r\\n .'
[  115.492s] FRAME (len=56): 38 00 01 00 05 00 01 00 00 00 46 81 9E E3 00 1D 00 0F 00 01 00 00 00 00 00 00 09 00 16 25 61 07 73 62 00 00 FF 04 FF 0F 04 40 0C FE 00 00 00 01 00 13 00 00 2C CC BF CF
[  115.492s] FRAME (len=12): 0C 00 01 00 03 00 01 00 00 00 B0 C0
[  121.582s] TEXT: '\\r\\n \\r\\n .'
[  121.582s] TEXT: '\\r\\n \\r\\n \\r\\n .'
[  121.582s] FRAME (len=56): 38 00 01 00 05 00 01 00 00 00 46 81 9E E3 00 1D 00 0F 00 01 00 00 00 00 00 00 09 00 16 25 61 07 73 62 00 00 FF 04 FF 0F 04 40 0C FE 00 00 00 01 00 13 00 00 2C CC BF CF
[  121.582s] FRAME (len=12): 0C 00 01 00 03 00 01 00 00 00 B0 C0
[  127.893s] TEXT: '\\r\\n \\r\\n .'
[  127.893s] TEXT: '\\r\\n \\r\\n \\r\\n .'
[  127.893s] FRAME (len=56): 38 00 01 00 05 00 01 00 00 00 46 81 9E E3 00 1D 00 0F 00 01 00 00 00 00 00 00 09 00 16 25 61 07 73 62 00 00 FF 04 FF 0F 04 40 0C FE 00 00 00 01 00 13 00 00 2C CC BF CF
[  127.893s] FRAME (len=12): 0C 00 01 00 03 00 01 00 00 00 B0 C0
[  134.192s] TEXT: '\\r\\n \\r\\n .'
[  134.192s] TEXT: '\\r\\n \\r\\n \\r\\n .'
[  134.192s] FRAME (len=56): 38 00 01 00 05 00 01 00 00 00 46 81 9E E3 00 1D 00 0F 00 01 00 00 00 00 00 00 09 00 16 25 61 07 73 62 00 00 FF 04 FF 0F 04 40 0C FE 00 00 00 01 00 13 00 00 2C CC BF CF
[  134.192s] FRAME (len=12): 0C 00 01 00 03 00 01 00 00 00 B0 C0
[  134.599s] TEXT: '\\r\\n \\r\\n .'
[  134.599s] FRAME (len=12): 0C 00 01 00 03 00 01 00 00 00 B0 C0
[  140.313s] TEXT: '\\r\\n \\r\\n .'
[  140.313s] TEXT: '\\r\\n \\r\\n \\r\\n .'
[  140.313s] FRAME (len=56): 38 00 01 00 05 00 01 00 00 00 46 81 9E E3 00 1D 00 0F 00 01 00 00 00 00 00 00 09 00 16 25 61 07 73 62 00 00 FF 04 FF 0F 04 40 0C FE 00 00 00 01 00 13 00 00 2C CC BF CF
[  140.313s] FRAME (len=12): 0C 00 01 00 03 00 01 00 00 00 B0 C0
[  146.411s] TEXT: '\\r\\n \\r\\n .'
[  146.411s] TEXT: '\\r\\n \\r\\n \\r\\n .'
[  146.411s] FRAME (len=56): 38 00 01 00 05 00 01 00 00 00 46 81 9E E3 00 1D 00 0F 00 01 00 00 00 00 00 00 09 00 16 25 61 07 73 62 00 00 FF 04 FF 0F 04 40 0C FE 00 00 00 01 00 13 00 00 2C CC BF CF
[  146.411s] FRAME (len=12): 0C 00 01 00 03 00 01 00 00 00 B0 C0
[  152.724s] TEXT: '\\r\\n \\r\\n .'
[  152.724s] TEXT: '\\r\\n \\r\\n \\r\\n .'
[  152.724s] FRAME (len=56): 38 00 01 00 05 00 01 00 00 00 46 81 9E E3 00 1D 00 0F 00 01 00 00 00 00 00 00 09 00 16 25 61 07 73 62 00 00 FF 04 FF 0F 04 40 0C FE 00 00 00 01 00 13 00 00 2C CC BF CF
[  152.724s] FRAME (len=12): 0C 00 01 00 03 00 01 00 00 00 B0 C0
[  159.032s] TEXT: '\\r\\n \\r\\n .'
[  159.032s] TEXT: '\\r\\n \\r\\n \\r\\n .'
[  159.032s] FRAME (len=56): 38 00 01 00 05 00 01 00 00 00 46 81 9E E3 00 1D 00 0F 00 01 00 00 00 00 00 00 09 00 16 25 61 07 73 62 00 00 FF 04 FF 0F 04 40 0C FE 00 00 00 01 00 13 00 00 2C CC BF CF
[  159.032s] FRAME (len=12): 0C 00 01 00 03 00 01 00 00 00 B0 C0
[  159.643s] TEXT: '\\r\\n \\r\\n .'
[  159.643s] FRAME (len=12): 0C 00 01 00 03 00 01 00 00 00 B0 C0
[  165.131s] TEXT: '\\r\\n \\r\\n .'
[  165.131s] TEXT: '\\r\\n \\r\\n \\r\\n .'
[  165.131s] FRAME (len=56): 38 00 01 00 05 00 01 00 00 00 46 81 9E E3 00 1D 00 0F 00 01 00 00 00 00 00 00 09 00 16 25 61 07 73 62 00 00 FF 04 FF 0F 04 40 0C FE 00 00 00 01 00 13 00 00 2C CC BF CF
[  165.131s] FRAME (len=12): 0C 00 01 00 03 00 01 00 00 00 B0 C0
[  171.445s] TEXT: '\\r\\n \\r\\n .'
[  171.445s] TEXT: '\\r\\n \\r\\n \\r\\n .'
[  171.445s] FRAME (len=56): 38 00 01 00 05 00 01 00 00 00 46 81 9E E3 00 1D 00 0F 00 01 00 00 00 00 00 00 09 00 16 25 61 07 73 62 00 00 FF 04 FF 0F 04 40 0C FE 00 00 00 01 00 13 00 00 2C CC BF CF
[  171.445s] FRAME (len=12): 0C 00 01 00 03 00 01 00 00 00 B0 C0
[  177.756s] TEXT: '\\r\\n \\r\\n .'
[  177.756s] TEXT: '\\r\\n \\r\\n \\r\\n .'
[  177.756s] FRAME (len=56): 38 00 01 00 05 00 01 00 00 00 46 81 9E E3 00 1D 00 0F 00 01 00 00 00 00 00 00 09 00 16 25 61 07 73 62 00 00 FF 04 FF 0F 04 40 0C FE 00 00 00 01 00 13 00 00 2C CC BF CF
[  177.756s] FRAME (len=12): 0C 00 01 00 03 00 01 00 00 00 B0 C0
[  183.866s] TEXT: '\\r\\n \\r\\n .'
[  183.866s] TEXT: '\\r\\n \\r\\n \\r\\n .'
[  183.866s] FRAME (len=56): 38 00 01 00 05 00 01 00 00 00 46 81 9E E3 00 1D 00 0F 00 01 00 00 00 00 00 00 09 00 16 25 61 07 73 62 00 00 FF 04 FF 0F 04 40 0C FE 00 00 00 01 00 13 00 00 2C CC BF CF
[  183.866s] FRAME (len=12): 0C 00 01 00 03 00 01 00 00 00 B0 C0
[  184.271s] TEXT: '\\r\\n \\r\\n .'
[  184.271s] FRAME (len=12): 0C 00 01 00 03 00 01 00 00 00 B0 C0
[  184.475s] TEXT: '\\r\\n \\r\\n .'
[  184.475s] FRAME (len=12): 0C 00 01 00 03 00 01 00 00 00 B0 C0
[  189.976s] TEXT: '\\r\\n \\r\\n .'
[  189.976s] TEXT: '\\r\\n \\r\\n \\r\\n .'
[  189.976s] FRAME (len=56): 38 00 01 00 05 00 01 00 00 00 46 81 9E E3 00 1D 00 0F 00 01 00 00 00 00 00 00 09 00 16 25 61 07 73 62 00 00 FF 04 FF 0F 04 40 0C FE 00 00 00 01 00 13 00 00 2C CC BF CF
[  189.976s] FRAME (len=12): 0C 00 01 00 03 00 01 00 00 00 B0 C0
[  196.080s] TEXT: '\\r\\n \\r\\n .'
[  196.080s] TEXT: '\\r\\n \\r\\n .'
[  196.080s] FRAME (len=56): 38 00 01 00 05 00 01 00 00 00 46 81 9E E3 00 1D 00 0F 00 01 00 00 00 00 00 00 09 00 16 25 61 07 73 62 00 00 FF 04 FF 0F 04 40 0C FE 00 00 00 01 00 13 00 00 2C CC BF CF
[  196.285s] TEXT: '\\r\\n \\r\\n \\r\\n .'
[  196.285s] FRAME (len=56): 38 00 01 00 05 00 01 00 00 00 00 12 4B 00 38 0D 16 FD 00 00 00 00 00 00 00 00 3E 00 FF 41 04 00 00 00 90 01 14 00 00 00 00 00 00 00 00 00 00 00 00 00 00 00 00 00 BA 74
[  196.285s] FRAME (len=12): 0C 00 01 00 03 00 01 00 00 00 B0 C0
[  202.403s] TEXT: '\\r\\n \\r\\n .'
[  202.403s] TEXT: '\\r\\n \\r\\n .'
[  202.403s] TEXT: '\\r\\n \\r\\n \\r\\n .'
[  202.403s] FRAME (len=56): 38 00 01 00 05 00 01 00 00 00 46 81 9E E3 00 1D 00 0F 00 01 00 00 00 00 00 00 09 00 16 25 61 07 73 62 00 00 FF 04 FF 0F 04 40 0C FE 00 00 00 01 00 13 00 00 2C CC BF CF
[  202.403s] FRAME (len=56): 38 00 01 00 05 00 01 00 00 00 00 12 4B 00 38 0D 16 FD 00 00 00 00 00 00 00 00 3E 00 FF 41 04 00 00 00 90 01 14 00 00 00 00 00 00 00 00 00 00 00 00 00 00 00 00 00 BA 74
[  202.403s] FRAME (len=12): 0C 00 01 00 03 00 01 00 00 00 B0 C0
[  208.710s] TEXT: '\\r\\n \\r\\n .'
[  208.710s] TEXT: '\\r\\n \\r\\n .'
[  208.710s] TEXT: '\\r\\n \\r\\n \\r\\n .'
[  208.710s] FRAME (len=56): 38 00 01 00 05 00 01 00 00 00 46 81 9E E3 00 1D 00 0F 00 01 00 00 00 00 00 00 09 00 16 25 61 07 73 62 00 00 FF 04 FF 0F 04 40 0C FE 00 00 00 01 00 13 00 00 2C CC BF CF
[  208.710s] FRAME (len=56): 38 00 01 00 05 00 01 00 00 00 00 12 4B 00 38 0D 16 FD 00 00 00 00 00 00 00 00 3E 00 FF 41 04 00 00 00 90 01 14 00 00 00 00 00 00 00 00 00 00 00 00 00 00 00 00 00 BA 74
[  208.710s] FRAME (len=12): 0C 00 01 00 03 00 01 00 00 00 B0 C0
[  209.324s] TEXT: '\\r\\n \\r\\n .'
[  209.324s] FRAME (len=12): 0C 00 01 00 03 00 01 00 00 00 B0 C0
[  215.419s] TEXT: '\\r\\n \\r\\n .'
[  215.419s] TEXT: '\\r\\n \\r\\n \\r\\n .'
[  215.419s] FRAME (len=56): 38 00 01 00 05 00 01 00 00 00 46 81 9E E3 00 1D 00 0F 00 01 00 00 00 00 00 00 09 00 16 25 61 07 73 62 00 00 FF 04 FF 0F 04 40 0C FE 00 00 00 01 00 13 00 00 2C CC BF CF
[  215.419s] FRAME (len=12): 0C 00 01 00 03 00 01 00 00 00 B0 C0
[  221.128s] TEXT: '\\r\\n \\r\\n .'
[  221.128s] TEXT: '\\r\\n \\r\\n .'
[  221.128s] TEXT: '\\r\\n \\r\\n \\r\\n .'
[  221.128s] FRAME (len=56): 38 00 01 00 05 00 01 00 00 00 46 81 9E E3 00 1D 00 0F 00 01 00 00 00 00 00 00 09 00 16 25 61 07 73 62 00 00 FF 04 FF 0F 04 40 0C FE 00 00 00 01 00 13 00 00 2C CC BF CF
[  221.128s] FRAME (len=56): 38 00 01 00 05 00 01 00 00 00 00 12 4B 00 38 0D 16 FD 00 00 00 00 00 00 00 00 3E 00 FF 41 04 00 00 00 90 01 14 00 00 00 00 00 00 00 00 00 00 00 00 00 00 00 00 00 BA 74
[  221.128s] FRAME (len=12): 0C 00 01 00 03 00 01 00 00 00 B0 C0
[  227.232s] TEXT: '\\r\\n \\r\\n .'
[  227.232s] TEXT: '\\r\\n \\r\\n .'
[  227.232s] TEXT: '\\r\\n \\r\\n \\r\\n .'
[  227.232s] FRAME (len=56): 38 00 01 00 05 00 01 00 00 00 46 81 9E E3 00 1D 00 0F 00 01 00 00 00 00 00 00 09 00 16 25 61 07 73 62 00 00 FF 04 FF 0F 04 40 0C FE 00 00 00 01 00 13 00 00 2C CC BF CF
[  227.232s] FRAME (len=56): 38 00 01 00 05 00 01 00 00 00 00 12 4B 00 38 0D 16 FD 00 00 00 00 00 00 00 00 3E 00 FF 41 04 00 00 00 90 01 14 00 00 00 00 00 00 00 00 00 00 00 00 00 00 00 00 00 BA 74
[  227.232s] FRAME (len=12): 0C 00 01 00 03 00 01 00 00 00 B0 C0
[  233.752s] TEXT: '\\r\\n \\r\\n .'
[  233.752s] TEXT: '\\r\\n \\r\\n .'
[  233.752s] TEXT: '\\r\\n \\r\\n \\r\\n .'
[  233.752s] FRAME (len=56): 38 00 01 00 05 00 01 00 00 00 46 81 9E E3 00 1D 00 0F 00 01 00 00 00 00 00 00 09 00 16 25 61 07 73 62 00 00 FF 04 FF 0F 04 40 0C FE 00 00 00 01 00 13 00 00 2C CC BF CF
[  233.752s] FRAME (len=56): 38 00 01 00 05 00 01 00 00 00 00 12 4B 00 38 0D 16 FD 00 00 00 00 00 00 00 00 3E 00 FF 41 04 00 00 00 90 01 14 00 00 00 00 00 00 00 00 00 00 00 00 00 00 00 00 00 BA 74
[  233.752s] FRAME (len=12): 0C 00 01 00 03 00 01 00 00 00 B0 C0
[  234.162s] TEXT: '\\r\\n \\r\\n .'
[  234.162s] FRAME (len=12): 0C 00 01 00 03 00 01 00 00 00 B0 C0
[  239.664s] TEXT: '\\r\\n \\r\\n .'
[  239.664s] TEXT: '\\r\\n \\r\\n \\r\\n .'
[  239.664s] FRAME (len=56): 38 00 01 00 05 00 01 00 00 00 46 81 9E E3 00 1D 00 0F 00 01 00 00 00 00 00 00 09 00 16 25 61 07 73 62 00 00 FF 04 FF 0F 04 40 0C FE 00 00 00 01 00 13 00 00 2C CC BF CF
[  239.664s] FRAME (len=12): 0C 00 01 00 03 00 01 00 00 00 B0 C0
[  245.990s] TEXT: '\\r\\n \\r\\n .'
[  245.990s] TEXT: '\\r\\n \\r\\n .'
[  245.990s] TEXT: '\\r\\n \\r\\n \\r\\n .'
[  245.990s] FRAME (len=56): 38 00 01 00 05 00 01 00 00 00 46 81 9E E3 00 1D 00 0F 00 01 00 00 00 00 00 00 09 00 16 25 61 07 73 62 00 00 FF 04 FF 0F 04 40 0C FE 00 00 00 01 00 13 00 00 2C CC BF CF
[  245.990s] FRAME (len=56): 38 00 01 00 05 00 01 00 00 00 00 12 4B 00 38 0D 16 FD 00 00 00 00 00 00 00 00 3E 00 FF 41 04 00 00 00 90 01 14 00 00 00 00 00 00 00 00 00 00 00 00 00 00 00 00 00 BA 74
[  245.990s] FRAME (len=12): 0C 00 01 00 03 00 01 00 00 00 B0 C0
[  252.503s] TEXT: '\\r\\n \\r\\n .'
[  252.503s] TEXT: '\\r\\n \\r\\n .'
[  252.503s] TEXT: '\\r\\n \\r\\n \\r\\n .'
[  252.503s] FRAME (len=56): 38 00 01 00 05 00 01 00 00 00 46 81 9E E3 00 1D 00 0F 00 01 00 00 00 00 00 00 09 00 16 25 61 07 73 62 00 00 FF 04 FF 0F 04 40 0C FE 00 00 00 01 00 13 00 00 2C CC BF CF
[  252.503s] FRAME (len=56): 38 00 01 00 05 00 01 00 00 00 00 12 4B 00 38 0D 16 FD 00 00 00 00 00 00 00 00 3E 00 FF 41 04 00 00 00 90 01 14 00 00 00 00 00 00 00 00 00 00 00 00 00 00 00 00 00 BA 74
[  252.503s] FRAME (len=12): 0C 00 01 00 03 00 01 00 00 00 B0 C0
[  258.611s] TEXT: '\\r\\n \\r\\n .'
[  258.611s] TEXT: '\\r\\n \\r\\n .'
[  258.611s] TEXT: '\\r\\n \\r\\n \\r\\n .'
[  258.611s] FRAME (len=56): 38 00 01 00 05 00 01 00 00 00 46 81 9E E3 00 1D 00 0F 00 01 00 00 00 00 00 00 09 00 16 25 61 07 73 62 00 00 FF 04 FF 0F 04 40 0C FE 00 00 00 01 00 13 00 00 2C CC BF CF
[  258.611s] FRAME (len=56): 38 00 01 00 05 00 01 00 00 00 00 12 4B 00 38 0D 16 FD 00 00 00 00 00 00 00 00 3E 00 FF 41 04 00 00 00 90 01 14 00 00 00 00 00 00 00 00 00 00 00 00 00 00 00 00 00 BA 74
[  258.611s] FRAME (len=12): 0C 00 01 00 03 00 01 00 00 00 B0 C0
[  259.427s] TEXT: '\\r\\n \\r\\n .'
[  259.427s] FRAME (len=12): 0C 00 01 00 03 00 01 00 00 00 B0 C0
[  264.310s] TEXT: '\\r\\n \\r\\n .'
[  264.310s] FRAME (len=12): 0C 00 01 00 03 00 01 00 00 00 B0 C0
[  264.515s] TEXT: '\\r\\n \\r\\n .'
[  264.515s] TEXT: '\\r\\n \\r\\n \\r\\n .'
[  264.515s] FRAME (len=56): 38 00 01 00 05 00 01 00 00 00 46 81 9E E3 00 1D 00 0F 00 01 00 00 00 00 00 00 09 00 16 25 61 07 73 62 00 00 FF 04 FF 0F 04 40 0C FE 00 00 00 01 00 13 00 00 2C CC BF CF
[  264.515s] FRAME (len=12): 0C 00 01 00 03 00 01 00 00 00 B0 C0
[  270.842s] TEXT: '\\r\\n \\r\\n .'
[  270.842s] TEXT: '\\r\\n \\r\\n .'
[  270.842s] TEXT: '\\r\\n \\r\\n \\r\\n .'
[  270.842s] FRAME (len=56): 38 00 01 00 05 00 01 00 00 00 46 81 9E E3 00 1D 00 0F 00 01 00 00 00 00 00 00 09 00 16 25 61 07 73 62 00 00 FF 04 FF 0F 04 40 0C FE 00 00 00 01 00 13 00 00 2C CC BF CF
[  270.842s] FRAME (len=56): 38 00 01 00 05 00 01 00 00 00 00 12 4B 00 38 0D 16 FD 00 00 00 00 00 00 00 00 3E 00 FF 41 04 00 00 00 90 01 14 00 00 00 00 00 00 00 00 00 00 00 00 00 00 00 00 00 BA 74
[  270.842s] FRAME (len=12): 0C 00 01 00 03 00 01 00 00 00 B0 C0
[  276.967s] TEXT: '\\r\\n \\r\\n .'
[  276.967s] TEXT: '\\r\\n \\r\\n .'
[  276.967s] TEXT: '\\r\\n \\r\\n \\r\\n .'
[  276.967s] FRAME (len=56): 38 00 01 00 05 00 01 00 00 00 46 81 9E E3 00 1D 00 0F 00 01 00 00 00 00 00 00 09 00 16 25 61 07 73 62 00 00 FF 04 FF 0F 04 40 0C FE 00 00 00 01 00 13 00 00 2C CC BF CF
[  276.967s] FRAME (len=56): 38 00 01 00 05 00 01 00 00 00 00 12 4B 00 38 0D 16 FD 00 00 00 00 00 00 00 00 3E 00 FF 41 04 00 00 00 90 01 14 00 00 00 00 00 00 00 00 00 00 00 00 00 00 00 00 00 BA 74
[  276.967s] FRAME (len=12): 0C 00 01 00 03 00 01 00 00 00 B0 C0
[  283.269s] TEXT: '\\r\\n \\r\\n .'
[  283.269s] TEXT: '\\r\\n \\r\\n .'
[  283.269s] TEXT: '\\r\\n \\r\\n \\r\\n .'
[  283.269s] FRAME (len=56): 38 00 01 00 05 00 01 00 00 00 46 81 9E E3 00 1D 00 0F 00 01 00 00 00 00 00 00 09 00 16 25 61 07 73 62 00 00 FF 04 FF 0F 04 40 0C FE 00 00 00 01 00 13 00 00 2C CC BF CF
[  283.269s] FRAME (len=56): 38 00 01 00 05 00 01 00 00 00 00 12 4B 00 38 0D 16 FD 00 00 00 00 00 00 00 00 3E 00 FF 41 04 00 00 00 90 01 14 00 00 00 00 00 00 00 00 00 00 00 00 00 00 00 00 00 BA 74
[  283.269s] FRAME (len=12): 0C 00 01 00 03 00 01 00 00 00 B0 C0
[  283.881s] TEXT: '\\r\\n \\r\\n .'
[  283.881s] FRAME (len=12): 0C 00 01 00 03 00 01 00 00 00 B0 C0
[  289.377s] TEXT: '\\r\\n \\r\\n .'
[  289.377s] TEXT: '\\r\\n \\r\\n \\r\\n .'
[  289.377s] FRAME (len=56): 38 00 01 00 05 00 01 00 00 00 46 81 9E E3 00 1D 00 0F 00 01 00 00 00 00 00 00 09 00 16 25 61 07 73 62 00 00 FF 04 FF 0F 04 40 0C FE 00 00 00 01 00 13 00 00 2C CC BF CF
[  289.377s] FRAME (len=12): 0C 00 01 00 03 00 01 00 00 00 B0 C0
[  296.099s] TEXT: '\\r\\n \\r\\n .'
[  296.099s] TEXT: '\\r\\n \\r\\n .'
[  296.099s] TEXT: '\\r\\n \\r\\n \\r\\n .'
[  296.099s] FRAME (len=56): 38 00 01 00 05 00 01 00 00 00 46 81 9E E3 00 1D 00 0F 00 01 00 00 00 00 00 00 09 00 16 25 61 07 73 62 00 00 FF 04 FF 0F 04 40 0C FE 00 00 00 01 00 13 00 00 2C CC BF CF
[  296.099s] FRAME (len=56): 38 00 01 00 05 00 01 00 00 00 00 12 4B 00 38 0D 16 FD 00 00 00 00 00 00 00 00 3E 00 FF 41 04 00 00 00 90 01 14 00 00 00 00 00 00 00 00 00 00 00 00 00 00 00 00 00 BA 74
[  296.099s] FRAME (len=12): 0C 00 01 00 03 00 01 00 00 00 B0 C0
[  301.802s] TEXT: '\\r\\n \\r\\n .'
[  301.802s] TEXT: '\\r\\n \\r\\n .'
[  301.802s] TEXT: '\\r\\n \\r\\n \\r\\n .'
[  301.802s] FRAME (len=56): 38 00 01 00 05 00 01 00 00 00 46 81 9E E3 00 1D 00 0F 00 01 00 00 00 00 00 00 09 00 16 25 61 07 73 62 00 00 FF 04 FF 0F 04 40 0C FE 00 00 00 01 00 13 00 00 2C CC BF CF
[  301.802s] FRAME (len=56): 38 00 01 00 05 00 01 00 00 00 00 12 4B 00 38 0D 16 FD 00 00 00 00 00 00 00 00 3E 00 FF 41 04 00 00 00 90 01 14 00 00 00 00 00 00 00 00 00 00 00 00 00 00 00 00 00 BA 74
[  301.802s] FRAME (len=12): 0C 00 01 00 03 00 01 00 00 00 B0 C0
[  308.336s] TEXT: '\\r\\n \\r\\n .'
[  308.336s] TEXT: '\\r\\n \\r\\n .'
[  308.336s] TEXT: '\\r\\n \\r\\n \\r\\n .'
[  308.336s] FRAME (len=56): 38 00 01 00 05 00 01 00 00 00 46 81 9E E3 00 1D 00 0F 00 01 00 00 00 00 00 00 09 00 16 25 61 07 73 62 00 00 FF 04 FF 0F 04 40 0C FE 00 00 00 01 00 13 00 00 2C CC BF CF
[  308.336s] FRAME (len=56): 38 00 01 00 05 00 01 00 00 00 00 12 4B 00 38 0D 16 FD 00 00 00 00 00 00 00 00 3E 00 FF 41 04 00 00 00 90 01 14 00 00 00 00 00 00 00 00 00 00 00 00 00 00 00 00 00 BA 74
[  308.336s] FRAME (len=12): 0C 00 01 00 03 00 01 00 00 00 B0 C0
[  308.745s] TEXT: '\\r\\n \\r\\n .'
[  308.745s] FRAME (len=12): 0C 00 01 00 03 00 01 00 00 00 B0 C0
[  314.232s] TEXT: '\\r\\n \\r\\n .'
[  314.232s] TEXT: '\\r\\n \\r\\n \\r\\n .'
[  314.232s] FRAME (len=56): 38 00 01 00 05 00 01 00 00 00 46 81 9E E3 00 1D 00 0F 00 01 00 00 00 00 00 00 09 00 16 25 61 07 73 62 00 00 FF 04 FF 0F 04 40 0C FE 00 00 00 01 00 13 00 00 2C CC BF CF
[  314.232s] FRAME (len=12): 0C 00 01 00 03 00 01 00 00 00 B0 C0
[  320.530s] TEXT: '\\r\\n \\r\\n .'
[  320.530s] TEXT: '\\r\\n \\r\\n .'
[  320.530s] TEXT: '\\r\\n \\r\\n \\r\\n .'
[  320.530s] FRAME (len=56): 38 00 01 00 05 00 01 00 00 00 46 81 9E E3 00 1D 00 0F 00 01 00 00 00 00 00 00 09 00 16 25 61 07 73 62 00 00 FF 04 FF 0F 04 40 0C FE 00 00 00 01 00 13 00 00 2C CC BF CF
[  320.530s] FRAME (len=56): 38 00 01 00 05 00 01 00 00 00 00 12 4B 00 38 0D 16 FD 00 00 00 00 00 00 00 00 3E 00 FF 41 04 00 00 00 90 01 14 00 00 00 00 00 00 00 00 00 00 00 00 00 00 00 00 00 BA 74
[  320.530s] FRAME (len=12): 0C 00 01 00 03 00 01 00 00 00 B0 C0
[  326.835s] TEXT: '\\r\\n \\r\\n .'
[  326.835s] TEXT: '\\r\\n \\r\\n .'
[  326.835s] TEXT: '\\r\\n \\r\\n \\r\\n .'
[  326.835s] FRAME (len=56): 38 00 01 00 05 00 01 00 00 00 46 81 9E E3 00 1D 00 0F 00 01 00 00 00 00 00 00 09 00 16 25 61 07 73 62 00 00 FF 04 FF 0F 04 40 0C FE 00 00 00 01 00 13 00 00 2C CC BF CF
[  326.835s] FRAME (len=56): 38 00 01 00 05 00 01 00 00 00 00 12 4B 00 38 0D 16 FD 00 00 00 00 00 00 00 00 3E 00 FF 41 04 00 00 00 90 01 14 00 00 00 00 00 00 00 00 00 00 00 00 00 00 00 00 00 BA 74
[  326.835s] FRAME (len=12): 0C 00 01 00 03 00 01 00 00 00 B0 C0
[  333.363s] TEXT: '\\r\\n \\r\\n .'
[  333.363s] TEXT: '\\r\\n \\r\\n .'
[  333.363s] TEXT: '\\r\\n \\r\\n \\r\\n .'
[  333.363s] FRAME (len=56): 38 00 01 00 05 00 01 00 00 00 46 81 9E E3 00 1D 00 0F 00 01 00 00 00 00 00 00 09 00 16 25 61 07 73 62 00 00 FF 04 FF 0F 04 40 0C FE 00 00 00 01 00 13 00 00 2C CC BF CF
[  333.363s] FRAME (len=56): 38 00 01 00 05 00 01 00 00 00 00 12 4B 00 38 0D 16 FD 00 00 00 00 00 00 00 00 3E 00 FF 41 04 00 00 00 90 01 14 00 00 00 00 00 00 00 00 00 00 00 00 00 00 00 00 00 BA 74
[  333.363s] FRAME (len=12): 0C 00 01 00 03 00 01 00 00 00 B0 C0
[  334.180s] TEXT: '\\r\\n \\r\\n .'
[  334.180s] FRAME (len=12): 0C 00 01 00 03 00 01 00 00 00 B0 C0
[  339.086s] TEXT: '\\r\\n \\r\\n .'
[  339.086s] TEXT: '\\r\\n \\r\\n \\r\\n .'
[  339.086s] FRAME (len=56): 38 00 01 00 05 00 01 00 00 00 46 81 9E E3 00 1D 00 0F 00 01 00 00 00 00 00 00 09 00 16 25 61 07 73 62 00 00 FF 04 FF 0F 04 40 0C FE 00 00 00 01 00 13 00 00 2C CC BF CF
[  339.086s] FRAME (len=12): 0C 00 01 00 03 00 01 00 00 00 B0 C0
[  345.411s] TEXT: '\\r\\n \\r\\n .'
[  345.411s] TEXT: '\\r\\n \\r\\n \\r\\n .'
[  345.411s] FRAME (len=56): 38 00 01 00 05 00 01 00 00 00 46 81 9E E3 00 1D 00 0F 00 01 00 00 00 00 00 00 09 00 16 25 61 07 73 62 00 00 FF 04 FF 0F 04 40 0C FE 00 00 00 01 00 13 00 00 2C CC BF CF
[  345.411s] FRAME (len=12): 0C 00 01 00 03 00 01 00 00 00 B0 C0
[  351.519s] TEXT: '\\r\\n \\r\\n .'
[  351.519s] TEXT: '\\r\\n \\r\\n .'
[  351.519s] TEXT: '\\r\\n \\r\\n \\r\\n .'
[  351.519s] FRAME (len=56): 38 00 01 00 05 00 01 00 00 00 46 81 9E E3 00 1D 00 0F 00 01 00 00 00 00 00 00 09 00 16 25 61 07 73 62 00 00 FF 04 FF 0F 04 40 0C FE 00 00 00 01 00 13 00 00 2C CC BF CF
[  351.519s] FRAME (len=56): 38 00 01 00 05 00 01 00 00 00 00 12 4B 00 38 0D 16 FD 00 00 00 00 00 00 00 00 3E 00 FF 41 04 00 00 00 90 01 14 00 00 00 00 00 00 00 00 00 00 00 00 00 00 00 00 00 BA 74
[  351.519s] FRAME (len=12): 0C 00 01 00 03 00 01 00 00 00 B0 C0
[  358.032s] TEXT: '\\r\\n \\r\\n .'
[  358.032s] TEXT: '\\r\\n \\r\\n .'
[  358.032s] TEXT: '\\r\\n \\r\\n \\r\\n .'
[  358.032s] FRAME (len=56): 38 00 01 00 05 00 01 00 00 00 46 81 9E E3 00 1D 00 0F 00 01 00 00 00 00 00 00 09 00 16 25 61 07 73 62 00 00 FF 04 FF 0F 04 40 0C FE 00 00 00 01 00 13 00 00 2C CC BF CF
[  358.032s] FRAME (len=56): 38 00 01 00 05 00 01 00 00 00 00 12 4B 00 38 0D 16 FD 00 00 00 00 00 00 00 00 3E 00 FF 41 04 00 00 00 90 01 14 00 00 00 00 00 00 00 00 00 00 00 00 00 00 00 00 00 BA 74
[  358.032s] FRAME (len=12): 0C 00 01 00 03 00 01 00 00 00 B0 C0
[  358.440s] TEXT: '\\r\\n \\r\\n .'
[  358.440s] FRAME (len=12): 0C 00 01 00 03 00 01 00 00 00 B0 C0
[  358.847s] TEXT: '\\r\\n \\r\\n .'
[  358.847s] FRAME (len=16): 10 00 01 00 08 00 01 00 00 00 05 08 10 40 B5 38
