PING: 26 bytes transmitted, received: b'ABCDEFGHIJKLMNOPQRSTUVWXYZ' (0.003034 seconds)
PING: 26 bytes transmitted, received: b'ABCDEFGHIJKLMNOPQRSTUVWXYZ' (0.003069 seconds)
PING: 26 bytes transmitted, received: b'ABCDEFGHIJKLMNOPQRSTUVWXYZ' (0.003093 seconds)
PING: 26 bytes transmitted, received: b'ABCDEFGHIJKLMNOPQRSTUVWXYZ' (0.003056 seconds)
PING: 26 bytes transmitted, received: b'ABCDEFGHIJKLMNOPQRSTUVWXYZ' (0.003106 seconds)
PING: 26 bytes transmitted, received: b'ABCDEFGHIJKLMNOPQRSTUVWXYZ' (0.003043 seconds)
PING: 26 bytes transmitted, received: b'ABCDEFGHIJKLMNOPQRSTUVWXYZ' (0.003162 seconds)
PING: 26 bytes transmitted, received: b'ABCDEFGHIJKLMNOPQRSTUVWXYZ' (0.003114 seconds)
PING: 26 bytes transmitted, received: b'ABCDEFGHIJKLMNOPQRSTUVWXYZ' (0.003050 seconds)
PING: 26 bytes transmitted, received: b'ABCDEFGHIJKLMNOPQRSTUVWXYZ' (0.003121 seconds)
ping: (10, 0, 0.030930042266845703)
Sweeping 905.0-925.0 MHz in 0.25MHz steps, 90s cap. Toggle now.
  ...pass 1 done, 0.3s elapsed
  ...pass 2 done, 0.7s elapsed
  ...pass 3 done, 1.0s elapsed
  ...pass 4 done, 1.4s elapsed
  ...pass 5 done, 1.7s elapsed
  ...pass 6 done, 2.1s elapsed
  ...pass 7 done, 2.4s elapsed
  ...pass 8 done, 2.7s elapsed
  ...pass 9 done, 3.1s elapsed
  ...pass 10 done, 3.4s elapsed
  ...pass 11 done, 3.8s elapsed
  ...pass 12 done, 4.2s elapsed
  ...pass 13 done, 4.5s elapsed
  ...pass 14 done, 4.8s elapsed
  ...pass 15 done, 5.2s elapsed
  ...pass 16 done, 5.5s elapsed
  ...pass 17 done, 5.9s elapsed
  ...pass 18 done, 6.2s elapsed
  ...pass 19 done, 6.5s elapsed
  ...pass 20 done, 6.9s elapsed
  ...pass 21 done, 7.2s elapsed
  ...pass 22 done, 7.6s elapsed
  ...pass 23 done, 7.9s elapsed
  ...pass 24 done, 8.2s elapsed
  ...pass 25 done, 8.6s elapsed
  ...pass 26 done, 8.9s elapsed
  ...pass 27 done, 9.3s elapsed
  ...pass 28 done, 9.6s elapsed
  ...pass 29 done, 10.0s elapsed
  ...pass 30 done, 10.3s elapsed
  ...pass 31 done, 10.6s elapsed
  ...pass 32 done, 11.0s elapsed
  ...pass 33 done, 11.3s elapsed
  ...pass 34 done, 11.7s elapsed
  ...pass 35 done, 12.0s elapsed
  ...pass 36 done, 12.4s elapsed
  ...pass 37 done, 12.7s elapsed
  ...pass 38 done, 13.0s elapsed
  ...pass 39 done, 13.4s elapsed
  ...pass 40 done, 13.7s elapsed
  ...pass 41 done, 14.1s elapsed
  ...pass 42 done, 14.4s elapsed
  ...pass 43 done, 14.7s elapsed
  ...pass 44 done, 15.1s elapsed
  ...pass 45 done, 15.4s elapsed
  ...pass 46 done, 15.8s elapsed
  ...pass 47 done, 16.1s elapsed
  ...pass 48 done, 16.4s elapsed
  ...pass 49 done, 16.8s elapsed
  ...pass 50 done, 17.1s elapsed
  ...pass 51 done, 17.5s elapsed
  ...pass 52 done, 17.8s elapsed
  ...pass 53 done, 18.1s elapsed
  ...pass 54 done, 18.5s elapsed
  ...pass 55 done, 18.8s elapsed
  ...pass 56 done, 19.2s elapsed
  ...pass 57 done, 19.5s elapsed
  ...pass 58 done, 19.8s elapsed
  ...pass 59 done, 20.2s elapsed
  ...pass 60 done, 20.5s elapsed
  ...pass 61 done, 20.9s elapsed
  ...pass 62 done, 21.2s elapsed
  ...pass 63 done, 21.5s elapsed
  ...pass 64 done, 21.9s elapsed
  ...pass 65 done, 22.2s elapsed
  ...pass 66 done, 22.6s elapsed
  ...pass 67 done, 22.9s elapsed
  ...pass 68 done, 23.3s elapsed
  ...pass 69 done, 23.6s elapsed
  ...pass 70 done, 23.9s elapsed
  ...pass 71 done, 24.3s elapsed
  ...pass 72 done, 24.6s elapsed
  ...pass 73 done, 25.0s elapsed
  ...pass 74 done, 25.3s elapsed
  ...pass 75 done, 25.7s elapsed
  ...pass 76 done, 26.0s elapsed
  ...pass 77 done, 26.4s elapsed
  ...pass 78 done, 26.7s elapsed
  ...pass 79 done, 27.0s elapsed
  ...pass 80 done, 27.4s elapsed
  ...pass 81 done, 27.7s elapsed
  ...pass 82 done, 28.1s elapsed
  ...pass 83 done, 28.4s elapsed
  ...pass 84 done, 28.7s elapsed
  ...pass 85 done, 29.1s elapsed
  ...pass 86 done, 29.4s elapsed
  ...pass 87 done, 29.8s elapsed
  ...pass 88 done, 30.1s elapsed
  ...pass 89 done, 30.5s elapsed
  ...pass 90 done, 30.8s elapsed
  ...pass 91 done, 31.1s elapsed
  ...pass 92 done, 31.5s elapsed
  ...pass 93 done, 31.8s elapsed
  ...pass 94 done, 32.2s elapsed
  ...pass 95 done, 32.5s elapsed
  ...pass 96 done, 32.9s elapsed
  ...pass 97 done, 33.2s elapsed
  ...pass 98 done, 33.5s elapsed
  ...pass 99 done, 33.9s elapsed
  ...pass 100 done, 34.2s elapsed
  ...pass 101 done, 34.6s elapsed
  ...pass 102 done, 34.9s elapsed
  ...pass 103 done, 35.2s elapsed
  ...pass 104 done, 35.6s elapsed
  ...pass 105 done, 35.9s elapsed
  ...pass 106 done, 36.2s elapsed
  ...pass 107 done, 36.6s elapsed
  ...pass 108 done, 36.9s elapsed
  ...pass 109 done, 37.3s elapsed
  ...pass 110 done, 37.6s elapsed
  ...pass 111 done, 37.9s elapsed
  ...pass 112 done, 38.3s elapsed
  ...pass 113 done, 38.6s elapsed
  ...pass 114 done, 39.0s elapsed
  ...pass 115 done, 39.3s elapsed
  ...pass 116 done, 39.7s elapsed
  ...pass 117 done, 40.0s elapsed
  ...pass 118 done, 40.3s elapsed
  ...pass 119 done, 40.7s elapsed
  ...pass 120 done, 41.0s elapsed
  ...pass 121 done, 41.4s elapsed
  ...pass 122 done, 41.7s elapsed
  ...pass 123 done, 42.1s elapsed
  ...pass 124 done, 42.4s elapsed
  ...pass 125 done, 42.8s elapsed
  ...pass 126 done, 43.1s elapsed
  ...pass 127 done, 43.4s elapsed
  ...pass 128 done, 43.8s elapsed
  ...pass 129 done, 44.1s elapsed
  ...pass 130 done, 44.5s elapsed
  ...pass 131 done, 44.8s elapsed
  ...pass 132 done, 45.2s elapsed
  ...pass 133 done, 45.5s elapsed
  ...pass 134 done, 45.8s elapsed
  ...pass 135 done, 46.2s elapsed
  ...pass 136 done, 46.6s elapsed
  ...pass 137 done, 46.9s elapsed
  ...pass 138 done, 47.3s elapsed
  ...pass 139 done, 47.7s elapsed
  ...pass 140 done, 48.1s elapsed
  ...pass 141 done, 48.5s elapsed
  ...pass 142 done, 48.9s elapsed
  ...pass 143 done, 49.4s elapsed
  ...pass 144 done, 50.1s elapsed
  ...pass 145 done, 50.5s elapsed
  ...pass 146 done, 50.9s elapsed
  ...pass 147 done, 51.3s elapsed
  ...pass 148 done, 51.7s elapsed
  ...pass 149 done, 52.1s elapsed
  ...pass 150 done, 52.5s elapsed
  ...pass 151 done, 52.8s elapsed
  ...pass 152 done, 53.2s elapsed
  ...pass 153 done, 53.6s elapsed
  ...pass 154 done, 54.0s elapsed
  ...pass 155 done, 54.5s elapsed
  ...pass 156 done, 54.9s elapsed
  ...pass 157 done, 55.2s elapsed
  ...pass 158 done, 55.6s elapsed
  ...pass 159 done, 55.9s elapsed
  ...pass 160 done, 56.3s elapsed
  ...pass 161 done, 56.6s elapsed
  ...pass 162 done, 57.0s elapsed
  ...pass 163 done, 57.5s elapsed
  ...pass 164 done, 57.9s elapsed
  ...pass 165 done, 58.3s elapsed
  ...pass 166 done, 58.7s elapsed
  ...pass 167 done, 59.0s elapsed
  ...pass 168 done, 59.3s elapsed
  ...pass 169 done, 59.7s elapsed
  ...pass 170 done, 60.0s elapsed
  ...pass 171 done, 60.4s elapsed
  ...pass 172 done, 60.7s elapsed
  ...pass 173 done, 61.1s elapsed
  ...pass 174 done, 61.4s elapsed
  ...pass 175 done, 61.7s elapsed
  ...pass 176 done, 62.1s elapsed
  ...pass 177 done, 62.5s elapsed
  ...pass 178 done, 62.8s elapsed
  ...pass 179 done, 63.1s elapsed
  ...pass 180 done, 63.5s elapsed
  ...pass 181 done, 63.8s elapsed
  ...pass 182 done, 64.2s elapsed
  ...pass 183 done, 64.5s elapsed
  ...pass 184 done, 64.8s elapsed
  ...pass 185 done, 65.2s elapsed
  ...pass 186 done, 65.5s elapsed
  ...pass 187 done, 65.9s elapsed
  ...pass 188 done, 66.2s elapsed
  ...pass 189 done, 66.5s elapsed
  ...pass 190 done, 66.9s elapsed
  ...pass 191 done, 67.2s elapsed
  ...pass 192 done, 67.6s elapsed
  ...pass 193 done, 67.9s elapsed
  ...pass 194 done, 68.2s elapsed
  ...pass 195 done, 68.6s elapsed
  ...pass 196 done, 68.9s elapsed
  ...pass 197 done, 69.3s elapsed
  ...pass 198 done, 69.6s elapsed
  ...pass 199 done, 70.0s elapsed
  ...pass 200 done, 70.3s elapsed
  ...pass 201 done, 70.6s elapsed
  ...pass 202 done, 71.0s elapsed
  ...pass 203 done, 71.3s elapsed
  ...pass 204 done, 71.7s elapsed
  ...pass 205 done, 72.0s elapsed
  ...pass 206 done, 72.3s elapsed
  ...pass 207 done, 72.7s elapsed
  ...pass 208 done, 73.0s elapsed
  ...pass 209 done, 73.4s elapsed
  ...pass 210 done, 73.7s elapsed
  ...pass 211 done, 74.0s elapsed
  ...pass 212 done, 74.4s elapsed
  ...pass 213 done, 74.7s elapsed
  ...pass 214 done, 75.1s elapsed
  ...pass 215 done, 75.4s elapsed
  ...pass 216 done, 75.8s elapsed
  ...pass 217 done, 76.1s elapsed
  ...pass 218 done, 76.4s elapsed
  ...pass 219 done, 76.8s elapsed
  ...pass 220 done, 77.1s elapsed
  ...pass 221 done, 77.5s elapsed
  ...pass 222 done, 77.8s elapsed
  ...pass 223 done, 78.1s elapsed
  ...pass 224 done, 78.5s elapsed
  ...pass 225 done, 78.8s elapsed
  ...pass 226 done, 79.2s elapsed
  ...pass 227 done, 79.5s elapsed
  ...pass 228 done, 79.9s elapsed
  ...pass 229 done, 80.2s elapsed
  ...pass 230 done, 80.5s elapsed
  ...pass 231 done, 80.9s elapsed
  ...pass 232 done, 81.2s elapsed
  ...pass 233 done, 81.5s elapsed
  ...pass 234 done, 81.9s elapsed
  ...pass 235 done, 82.2s elapsed
  ...pass 236 done, 82.6s elapsed
  ...pass 237 done, 82.9s elapsed
  ...pass 238 done, 83.3s elapsed
  ...pass 239 done, 83.6s elapsed
  ...pass 240 done, 83.9s elapsed
  ...pass 241 done, 84.3s elapsed
  ...pass 242 done, 84.6s elapsed
  ...pass 243 done, 85.0s elapsed
  ...pass 244 done, 85.3s elapsed
  ...pass 245 done, 85.6s elapsed
  ...pass 246 done, 86.0s elapsed
  ...pass 247 done, 86.3s elapsed
  ...pass 248 done, 86.7s elapsed
  ...pass 249 done, 87.0s elapsed
  ...pass 250 done, 87.3s elapsed
  ...pass 251 done, 87.7s elapsed
  ...pass 252 done, 88.0s elapsed
  ...pass 253 done, 88.4s elapsed
  ...pass 254 done, 88.7s elapsed
  ...pass 255 done, 89.1s elapsed
  ...pass 256 done, 89.4s elapsed
  ...pass 257 done, 89.8s elapsed
  ...pass 258 done, 90.1s elapsed

Completed 258 passes.
Floor (min observed RSSI): -92.5 dBm

Top 15 frequencies by peak RSSI:
   906.25 MHz   -53.5 dBm  #######################################
   906.50 MHz   -54.0 dBm  ######################################
   906.75 MHz   -55.5 dBm  #####################################
   907.00 MHz   -56.5 dBm  ####################################
   907.25 MHz   -57.5 dBm  ###################################
   915.25 MHz   -59.5 dBm  #################################
   907.50 MHz   -60.0 dBm  ################################
   907.75 MHz   -62.0 dBm  ##############################
   915.50 MHz   -62.0 dBm  ##############################
   915.75 MHz   -62.5 dBm  ##############################
   908.00 MHz   -63.5 dBm  #############################
   916.00 MHz   -64.5 dBm  ############################
   908.25 MHz   -66.0 dBm  ##########################
   916.25 MHz   -66.5 dBm  ##########################
   905.75 MHz   -67.0 dBm  #########################
===== RESETUP set from recv thread
Error in resetup():Exception('No Dongle Found.  Please insert a RFCAT dongle.')
