PING: 26 bytes transmitted, received: b'ABCDEFGHIJKLMNOPQRSTUVWXYZ' (0.003113 seconds)
PING: 26 bytes transmitted, received: b'ABCDEFGHIJKLMNOPQRSTUVWXYZ' (0.003115 seconds)
PING: 26 bytes transmitted, received: b'ABCDEFGHIJKLMNOPQRSTUVWXYZ' (0.003088 seconds)
PING: 26 bytes transmitted, received: b'ABCDEFGHIJKLMNOPQRSTUVWXYZ' (0.003094 seconds)
PING: 26 bytes transmitted, received: b'ABCDEFGHIJKLMNOPQRSTUVWXYZ' (0.003075 seconds)
PING: 26 bytes transmitted, received: b'ABCDEFGHIJKLMNOPQRSTUVWXYZ' (0.003106 seconds)
PING: 26 bytes transmitted, received: b'ABCDEFGHIJKLMNOPQRSTUVWXYZ' (0.003064 seconds)
PING: 26 bytes transmitted, received: b'ABCDEFGHIJKLMNOPQRSTUVWXYZ' (0.003126 seconds)
PING: 26 bytes transmitted, received: b'ABCDEFGHIJKLMNOPQRSTUVWXYZ' (0.003125 seconds)
PING: 26 bytes transmitted, received: b'ABCDEFGHIJKLMNOPQRSTUVWXYZ' (0.003076 seconds)
ping: (10, 0, 0.031054019927978516)
Configured: D7A-like Normal Rate (55.555k GFSK) @ 906.5MHz, long window
  ...heartbeat: 20000 iters, 4.9s elapsed, 0 hits so far
  ...heartbeat: 40000 iters, 9.9s elapsed, 0 hits so far
  ...heartbeat: 60000 iters, 14.9s elapsed, 0 hits so far
  ...heartbeat: 80000 iters, 19.9s elapsed, 0 hits so far
  ...heartbeat: 100000 iters, 24.9s elapsed, 0 hits so far
  ...heartbeat: 120000 iters, 29.9s elapsed, 0 hits so far
  ...heartbeat: 140000 iters, 34.8s elapsed, 0 hits so far
  ...heartbeat: 160000 iters, 39.7s elapsed, 0 hits so far
  ...heartbeat: 180000 iters, 44.7s elapsed, 0 hits so far
  ...heartbeat: 200000 iters, 49.6s elapsed, 0 hits so far
  ...heartbeat: 220000 iters, 54.6s elapsed, 0 hits so far
  ...heartbeat: 240000 iters, 59.5s elapsed, 0 hits so far
  ...heartbeat: 260000 iters, 64.4s elapsed, 0 hits so far
  ...heartbeat: 280000 iters, 69.3s elapsed, 0 hits so far
  ...heartbeat: 300000 iters, 74.3s elapsed, 0 hits so far
  ...heartbeat: 320000 iters, 79.2s elapsed, 0 hits so far
  ...heartbeat: 340000 iters, 84.2s elapsed, 0 hits so far
  ...heartbeat: 360000 iters, 89.1s elapsed, 0 hits so far
  ...heartbeat: 380000 iters, 94.1s elapsed, 0 hits so far
  ...heartbeat: 400000 iters, 100.6s elapsed, 0 hits so far
  ...heartbeat: 420000 iters, 106.9s elapsed, 0 hits so far
  ...heartbeat: 440000 iters, 112.7s elapsed, 0 hits so far
  ...heartbeat: 460000 iters, 118.1s elapsed, 0 hits so far
  ...heartbeat: 480000 iters, 123.1s elapsed, 0 hits so far
  ...heartbeat: 500000 iters, 128.1s elapsed, 0 hits so far
  ...heartbeat: 520000 iters, 133.2s elapsed, 0 hits so far
1787433403.080331 long window normal rate 906.5MHz RSSI spike: -79.0
  -> 255 8395047e598d899feb646de62cbf3810d7d374b6aa0b7c91a435c0056600021e3e57cbaa39d94bcc02aeaad7748809370bed1983b5ee516ab61bf31b65fb3fe7e24f58bf4ba99c7780b7b54c953e54937f4ac9c6c718b24a122be838d1d3a979126af03a0ce84518d9772de046e56f31afbd04e2b08f4b19b2ddcb99be72bc451b3ad3a343d11cad3779b3491bd56abc3b43154a5787ccc051c112f5192c41611747ba503d30e1099a4987e0946ac56f6a44c84d051bda161cf324fe4e83cd841c3fe261717df3b7c90d1000b04c9a637150b10aa3f3eeaf50371e60560b2aa9eeb951aea644853e011275f2968fd3a738efaf1b17f155a336346233599a9a
1787433403.0812259 long window normal rate 906.5MHz RSSI spike: -79.0
  -> 255 735b1b050f9662569341071ed82fe5934361a1047d313a4bc33c1a3439dc6b0e604c22673fcf67351ddb544f3d829d5161a83924dcf187dc6878a7123bab728f042effd72b52d28a06681a5afb78d458fc34457ea822d180892e961e53402e5c33302a2c7b5b97e20c4d7150ac1cdc800d037bf30645cff9e317d5703f8999767d99a089e6f9399750a84381811ec8e3f70d3483ed31d88f163d03aca800f9c59869d4cffaee75d2b8947767d55441123b50f353eb67c381d007ea9c2f02cddbd77bdafbeacf97395d2df602c8a96d932ef1298170cc739b36822766325bec631e02a9dfdf65705ca134e432ab3f4e9dc21da8bc4ef734dd6b1014a1fe1624
1787433403.134398 long window normal rate 906.5MHz RSSI spike: -79.0
  -> 255 967b81f68b47b33a316b46b3151286208fefe855dcdd17963f032496258cf5377f908b851f3b857a1b251cc03dcfb89c8b1f6286ba2caec80a8ee6f92ac21b17cf2c9171a9d589db6c2c2b58bd01ff9fe1669d2392c2582508ba8a5561b032052f5e426913c912a20cfc46a50f931ffe98e7b187ec418bd7d8107dcb5069522b4f98f29ed08a66cc33b922cc9a5b05fa6f7fdc263dfddaa2aaff160ec07fb0f053a886790df6b08c633459a286ded4f26ae7dfc54ecd6b4efd66e952f16421a617df21271a643bb26b0030b3272ced1b7164bc26ec5bf0d7cb05ee21188ec8c6d3d4e976c8163ba305ee638559114a11b415ba759aa7de653d93f031037bc9
1787433403.1352699 long window normal rate 906.5MHz RSSI spike: -80.0
  -> 255 5e9f5c069bed4f07f97bcf1b2f7419c3e7be62e51479c218ffb5d22275fdaf3603c770bfea2f07725ca12f608e225257645e5b4f2d5a63ac0b0deeea291d034c171a66016b63631bfc16ac7a17bc941b2ad6ea95e3d74715cab8ed118283a5c4dfe04c6603883088d6bc64ca8ce3e61b87d47fa94a451541bffc999c6203c0a4d357ec00682a03c6edcb87846965ce284adfe21abd72e84e10a37992996152fdb7a7936ad762f71b2959c5f79cf7d27008f9da831abba7c7348ac0042b96ef034e7c1cbc64c86be463a93d1733ed2728a0250fff170273635d05e2e2b2f9f7841096f1b0783d6b59473c34b7a7d3427fb5464adc11d15d930711ee430cc4e5
  ...heartbeat: 540000 iters, 138.4s elapsed, 4 hits so far
  ...heartbeat: 560000 iters, 143.4s elapsed, 4 hits so far
  ...heartbeat: 580000 iters, 148.4s elapsed, 4 hits so far
  ...heartbeat: 600000 iters, 153.5s elapsed, 4 hits so far
  ...heartbeat: 620000 iters, 158.3s elapsed, 4 hits so far
  ...heartbeat: 640000 iters, 163.1s elapsed, 4 hits so far
  ...heartbeat: 660000 iters, 167.9s elapsed, 4 hits so far
  ...heartbeat: 680000 iters, 172.8s elapsed, 4 hits so far
  ...heartbeat: 700000 iters, 177.7s elapsed, 4 hits so far
  ...heartbeat: 720000 iters, 182.5s elapsed, 4 hits so far
  ...heartbeat: 740000 iters, 187.2s elapsed, 4 hits so far
  ...heartbeat: 760000 iters, 192.0s elapsed, 4 hits so far
  ...heartbeat: 780000 iters, 196.7s elapsed, 4 hits so far
1787433465.6559649 long window normal rate 906.5MHz RSSI spike: -75.5
  -> 255 c7c9088b5f1cc5478da69fd58018658f8ae3b0a560fe8d8a85b6aeb7c4daf934e249b8cef527da452d271db591a044806795a7c1d8940f48a63c9bdc915547e53d98c417bd7fb684340978c240aa9124d9a4d6f302672e9b98b5cfce7f5bcb8b7700a54b89ffa0a07c479645771962257a7c81cc3a097b5e84a4efde2cf5a460b7fbbfd85955317ff3f83f5dcf2a90107e99ec3a79c6f057485201613cd78934f4f86eaed0347820006e2a1a7a539bd61e13305ffa0c8223a7831346f5bd0c258a69393b62d4f9bd54afb6cbe16f25e8d217a83428e6135eef31bd20e2a5fd9f4d9063043fcb0e3eec1c7d2310d2146653531d0ce0c56d9b1f98bf131120bc
1787433465.656827 long window normal rate 906.5MHz RSSI spike: -76.0
  -> 255 12392c0be83627d5daaaf605511ad9d59c6a092f69a230e92f81841dc60cf7e654cfcd9b29d5125899122a101e3f3f747cffe59154679fed0f7c8555a086551a1f35672c5dc78cc84206bd42dba3e8d65b947c514929b6a7ee2c96b0251454244ad8408bb9314cc997fffb3e711741e39353ef0bbc05f6cf05f9a9820fc210334f4005a9e8b4a44dca3b7beb9f332cefeecb3801d3cefc91bfb2cae63146b3b556eb590aaaa9a3989906a0ac75e7ea47f043ef07b082673980d2fcc6c2b8380f5de7587112f377c30b3ffadea06c5b48d5ea33bb6e7286cf9775b30a90f98d360d07c8ab1a0b5d8cc279f78e8063d509e1834f4c5212f19a3cfbd4abc9cce5
1787433465.657088 long window normal rate 906.5MHz RSSI spike: -73.0
  -> 255 428cc58308e11c07602f704c4e93ecf6db9aec210c892bd8a7ab3af28a33da51d5e60bfba9b53b14b70382e7ac5a5c88782991fa61c53fdbeb14eaadd751013cd82552c01093deff362393fd5f44543931e0d36146e3e8868bdcaff650b627266006fa47da27182cd9143601491ad85183c0b5dac7d9e16a2b1a0aea999b87eb136036e7c80bad958265a6503adee0335e8f5359dcde26695d59993dcd38b8570b9b00e884b1b6f72ce3501f0c1197a6f0838d410ce9db324ef7ab0e2b0080196d288b8cac05fda61e2e6bcdacdffa2e84442b65ce1fee0f9fafbdb6645b9da0a9a67fd30f914b1c0d9450a22d5df4cc114de0816aa15a2f6196bdd1d80cb1
1787433465.70886 long window normal rate 906.5MHz RSSI spike: -71.0
  -> 255 513b702f1a666c09b3cd20081bfb1b7ffaa28e628f071a5c2434c309e0caa193b0b8f0f883f687877ba90afc7b77b88575488cf778e1f5e7e87d3385759e8245a615d281831cce254d836309331bb32ecb395445fe6f28eb5e490305eccc4dbb58a6a31f77aa1aadba19efdbc399cc62b16ddf86507b9e6e87950d135f67ea437e2b79ee7d7767385d41d3009413106698ea2e704e4c2d644157ba82d3de8152e7e901f1cc3cd570fa03d5a49dd3cb4cac96f65e3be6377f5b412c471f4da9c5a91c83c35a00309a538a78fd03af85865bf20f862794491299020f9301c30f13ad4ab1021e1f06d2507729996d51494f4dafa87b69210edd5732f3a48d3d18
1787433465.709088 long window normal rate 906.5MHz RSSI spike: -72.0
  -> 255 5c1871600d5f993f0a25700f301882e255bebc5e9f7a6e90ec643a9cb6a677b7b9330c77c6682830229dfea213de317cc9f68d00906b6e40b2efed6f7a0d13e129280bc819822ddf510a0b1161e12687a0a2191c9639ffe1894ac932abfe4072b4caef0d9035f4cd533964088a3233b817ed08fdd0271548ab65e738a427f0d29bf3d3d9eb0b2540dbea5674e0060e0766e0d00e398a6934ce43c3c007b508ac3fd213948d0069dab48b046e1c5567b27f707a15146ce33d54944c75c83c1af07f51a231c8c42cf4191bb087f78449c3cdb36723f9d34768745cf3a9381b745f8985db297f42e6833897d8bff3933126bc789e0f551d05eac4791e8f087589
1787433465.709307 long window normal rate 906.5MHz RSSI spike: -75.5
  -> 255 91a26e94513f440357d865f20b0566189d06e911ef3dfa81fd794260b6036277ce62a8d8ca1db64e263959061db924ce8b301b0223b789f9d12546d55449688c47af646a7033fbbc127e0647c7192146d419d5a42c4c8fd62b93a0e59682ca335a08435cff460690978aa561312afe6d6e2a017de346190b1e704c8af86e5b2428034b5bd79992b266ec133d23a7b33f2df8a8d59503fdf7ae58bd65ebf03d82536fbf8613b4ea96151da34155b9b6ed9ca1b92c060f3799c01ac6b539d0f4813ab0a98dc6c0b89969c63680b2a8bb290794e87e200b258fc341ca1775458765e49d1855d9cf1d80a6444b1994a87b1162d5d6fba9da6b34c058d6d6242f15
1787433465.709532 long window normal rate 906.5MHz RSSI spike: -77.0
  -> 255 d8f903330bd513e40f8e6678393ad366f4685ea9e5a4120957121bd5ca4893b7c7a90ecc7f2ee07498352cfd285a685791d2163eb1ae6dce58053ab153880a751117d58c7a7a07eaa3d44fd1b1a803000bbde6f5e16ed9d89717ba1df8997d97b113a595bd1544ea39ff9e02db5d02e605eedc778098ddbfd1aff24b82c36da7bf97617fd70d4e648902e751f81d56572b4274da20fe9d2d9996d8d6d5a422c165acfa1ea5f88eb409569058a18853738190130d391647dea3d31aad38de0da848b24c23f81c69aa93e6f568ae0eec19c3ed2df679fde60b54dd91205d8669b399022ff7a2833138ff9004356f56b7c0189fcdde03be1a8586e5425ceca555
1787433465.709752 long window normal rate 906.5MHz RSSI spike: -69.0
  -> 255 b4dd03218737709e5ed9e509336c447a3b5ab23b3f5534a16fa9bb43791279c1ee869ca2577f4bc692a0d1d86505b1b4daa87b6a57036983e3864ec5a84938def99be28f6041a1a588e168a29e5bb06378eb033d71c5de2e7e961dccb49050234fff028c05880e656e792b2ed53f0814f8f69becaf597a6ff3e0e38f30615f44bc02a6e43dabf52aaac1c761e0cfa439eef73945431db401a01f24320903683c9c88625c95d39ded68edfdea33d3550b172f384d9fcca5173149aada9595a4298ebc67d29bdf36db82f077b663ddfb80a26945a5920d0d4a0bae56110e4119811505f6ab867e87e8a8636dce65cf7eaadd71986292575e413b6806638d9b22
1787433465.7339678 long window normal rate 906.5MHz RSSI spike: -73.5
  -> 255 11416fcf977220c62e37066749cda099758ed2a66c1b5b3f914cf003f633387df979eed060ad715b27e5ae25352f348dacd8961003188afdbe7bdd0d428d05348ed42ed5c5fc09afb6a783149d470ac955418a8fbca0ec4d1fb8157201812d054c326218cd9043edf208ed9a1388bb34d9ab91e102c72ae9a381dee532740cea1d81edcf3beef13bc3fc8dd93b5781be8b8c8ed2930239ca9c1a7822c3d14a668a4577f0f56d4e6d6cd3f35308f4f317aad41f5f05898388aaac87630fdacb231ee56d1ff02f337e563860e3590f8ce1dc15dcc420388761b26e0ebe7982a74bc06d873594317eef9708a6b47572f8264537d6c720582f1d6107c54d267ab3
1787433465.7342432 long window normal rate 906.5MHz RSSI spike: -77.5
  -> 255 4899c59228a9f7ee75971caf5d543a3286223e8235ac3641f5c5455a18bf8394d9e098ac78727d2da591daed0e7b622dc1d2ff82153cf36bc2a76b5551161c61ed9aa6a9f8f1b853bd758eef1f78ff79a2f89f405c7012d118fb01d98b55a5dbf4a980e761eaa613816c98e44e0dbe7da5f9263f6505d845dba4f9d87322edbf953f3978c0c9dbb8652f09d53f3f52a957b533918a60085a064f72cd1325ece7e0e75d4175978b6a3d4233ee31f8dc4cdfa5832986af19f561f95ad1f98771b2101084b5a251f66ed0e6cb05cf698c766772eddf4d1dc553c24e970eda63403e475a1f49a6477a6ab586f276e98358422c98e9288cb941bf641444ebf017cf
1787433465.734483 long window normal rate 906.5MHz RSSI spike: -72.0
  -> 255 1d419590e40ecefcc8695913e4cb58f20497cc49b599de781c5ec590c5d30d959f5c05f4682f5080052176efb89514b8cd6d5dced832af29864cd1e2dec7f381dc324ce209efc7d1a4cfbe95aaae9fcbd6fbc798aa950b2f2b0aebdf9efb9550be0157fd88866f9447e6e18e9ce27498e84966f483b143b5e0c4e40b7faefa260e2d229cb6df26f5a46bf33a7b524455f1c31ae83c022051bca801e2c550d530f964c173086813af49a04c0cfd4d36d854f7009bf1db5449f38bdcd65e0ca63199ef9f14c15db8c97bd7fd37ac7f848218c2de3f481a359851d4641c6217d7be7b24981a374b93490f23d7a6eaa6121f9844455c844bb72ae1e11129e79c59
1787433465.734758 long window normal rate 906.5MHz RSSI spike: -77.0
  -> 255 efeb285db4c93e241357692c61866f38b76021b15a5d876d3d2c67b782f838497d4fd4bd02498420855154929bd51ebe1913e85f75d5d1fbe74e5186678d91c414f92318c63068ee1939f5529f14551b4300481e0fbe9830baba67d015bce30552e61ed97c48d1ae400274b10398116318ec8ada1a66d8531ca9921135481a49b58be94f87abe26899341bdf2d63c3cd5145998af0c398169a38b16198aac13cb0378afc3f788ae5c14c616d61dcfeb55927eb8f3245faf08f756eef7585352e08036c313939c9daf4cc06760c9bb32b4fba244f40ad9d5d98fdf164a00764544e11257cadc670d684eeff673cef88c792d46103b80264ae52038b33f25bc2
1787433465.786657 long window normal rate 906.5MHz RSSI spike: -70.0
  -> 255 7c27106abdeaa4e9c92c811c245b4e72aa1b17b8205b674ea4353f3160dc6fbbc9974799198bc32d61945e29059963e7bfb03778412298ae37b118e8cef683fab40e9c311e072dc86fcde4a45b1155e02b94877e4893826c23a2add9f82bb89601607d7a57df97e239206bbc2ccbbf2e770fcce55b1316f72a583012cafc373c8026d2f00658e5af2baee62afd6de7bc4106e6e694abf21bf47858e761f3ea874c4f46dd41fd40965829dc010d65f21e4ae5a8ef063d886416c67110ca7528973e553b01cfe08ed41e39089355a919b9c0aa444442878e6e4583750d4de419cd828869ede1f05b4778046d81a51027ba481b428d35c0f7d677b97e9198edaf
1787433465.7869482 long window normal rate 906.5MHz RSSI spike: -71.0
  -> 255 dd82814f53519c570a05e578679c6c4158dfeaab8915cffeb689daba7b231bb9410db89c7e53248bf29ec76241fdb0f9292ce301430eed3a4771cfae97d75bc96a4c63bcbc5bf9d53c5819800790da397493e39fa66012c5d448e8067c0d0517a98bcaf41eefa8fbaa22f69f7c5c15050ede131b454c34ef9840703062cf11146cb4dfcbcdb32f3dfcac9509b973650a573c35fc7a3a0f1f68c7b82b3f29460c1bc6ba059cb69b7fc848e0093adf39b31dc87becf8ddcf395384ba55753c07ea47937771e568e92702f68b0bfa989f610b84039f7de9f5c740929a065f3679d88792931ce2087360a761c325911bf707138b5ecf1642ecf82ab1b316c83319
1787433465.787214 long window normal rate 906.5MHz RSSI spike: -73.0
  -> 255 aca30ea858e36d6438d9ade8107be22e0a6bb13acb736983597360df9b2f846d602ab53dfb389a126f9376d14843be6bc704dde65ccc7e98e2b2ab5e537913bc186cb5f2c4b9f2c04ccfe981e584b7a03c687a3998355bcb18904b70b3f94a41d2531e743a0ffb1ec347030daa5b7eaad0d91aa1604f138b675d5f14d3e668f1265cc472d54826e32d966b5ad6b845fee75987e2506e15535adde348999bb43db2ad125b4f5cd62200c3c62e84eadf58001e74230a61996d73531fe33af0ef24ad58081604db1bbd33491aaef6425938b4b5717d1507e95b79c3ad710f4080a8148a863f53356bc14fe2d8a59c203f7a0d39724dc0bbed879640df2a0659d9
1787433465.7874491 long window normal rate 906.5MHz RSSI spike: -70.0
  -> 255 2e59e90377212466ae40093d5e7a630dafa3c00591514213eea09bba517f33a50c1e046af1bc48f58530188326af05f778a921403005772a77e0f053b5a2c213b4d412529327f00a84fbaed6a18eaca4f6a3022c6cb97a3e6797e1cdef03e771040d6cadd5887c645b00678717e972c39dd8c471020e2f0bb75023e9d3e1528afb79f78c07d78bdef618d6b2dc72fb659f93a0f9884b9c543bab05511c48bdea923d506234e6aeadb003e45802a4e78953bae0f4d1ed21a16915d8dc7a9917ed24bb61413d64289df175690e65cbac3e72e51803edc37b8b120283706690d0ccd99f361707737e779ad21d6889f8843b9de58e63085da168f779c89e87c618
1787433465.787682 long window normal rate 906.5MHz RSSI spike: -72.0
  -> 255 c626c0cdae56e89069ad434f69c43ff3c29deaa5ecfd1d9788631ec82ebf6ff819f359b4e746fc4695c8adba381e5341323bedc616fa6f64c6dff7567ca093f6aabc005b68706c0061c54392b3f2c467db66784d63a2c0043ff68a8131387860ddf2326c8c857957fa3a8f0086d4c6542927e5fff9c69ff3ca96f6bc67ef5368231b107d22037a1c9433fef739aabb88c74bf8d0753626dd979bc90e845717575bd009713d0fea601c7570186d6cda1fb318b3c53c6c7543838a6c13702cdc5996513144d4b86ea3c1bc63da781985cd705c0c6e9be2e57d63e8a7a99cc364543b5c0bf53c2a2438cba6499b4f8ea880b015fbb8d5c8d9a86f9dfcf3af2257
1787433465.811431 long window normal rate 906.5MHz RSSI spike: -76.0
  -> 255 8fa06a060fe4be4b9c2a53b1a14aa8b372aac9b0307d3e80ae92933cdf1ecdd070ae63d4e9df442c1130c015717ea049e581d7f4d4596203ffec8384eee4800fff3e42ac15515fac1015fc8d66fb89479de545fbd38bc39a71c575006cad17fa3c105a22d72563a59479248f19e3f62f4543fac5de1283d1295eb21fad3f0bf5a8e82404915fc1e2057548fd6de9acbc0a25243c9842cec4c03e037ac0098925657d55c6891be6411e054dc2dcdcef24e31a8ebd001618820280758bcd5c539094ae947e27d36981b7c0292a436027032f89601097be20163c3149091c8c08dca493f54080af8fdfa34d4f7f25fad89cee4f07bcf019403dad89eb1e3583be
1787433465.81168 long window normal rate 906.5MHz RSSI spike: -71.0
  -> 255 f25d9ba944d4f6bb4b536f9697768ccf26a71fadd8521164c1c11bf27b6a08f3e848ed8df1a317ce67f89131380c17a2449bd6511bae73f485146828d1f9b97471dfc5292908a41f586a6ec38e8249a57a26b15c389c7b8be25f2798725030e1e3bc0b96591cddf60523bb6e604f7005eb09320c77972791df0f7ea4289d3b8334d36b20d4c4b08d020b292a29a284378e72f34a6d54f464ed5b50e34150b84bf0c521c584780f0bddd94a9f67ca1ec45dc5256797049d77d00eaa7e182e64645f9ccdd9d9c322a080c670c5b26490f323794ea021829f6a572e59949a4ec4eea0fab548606c0fd3913a823f3a9f1770ab07ab62f7b6b208190a22dd1450be
1787433465.811928 long window normal rate 906.5MHz RSSI spike: -73.5
  -> 255 9c19155e2927df880f5705ff36a7468c531e5b223b57e5252a242cfa16d48ea6bf73ebfa264c470e56745fb49843f75f92311f808a3706ca5b4737ce67c20bd4325e9787e10ad13809809b3acac8759d18b6a1d5a916980622c7ea1a785930d461198b7b83f47a117cda717d74be51d3026020466fa1420afd5616e0e472f7209cc46a3cae9dd5dbbcaca03bbb9b64425ba896ed70326fabe81f2d4fac6a85ac75238c3a70f0dd5ebad44769fe576bb974fbe915d78e642e9e92493d161008a5b78a025f6eebbb4cd0089689e61fdb9edefa520c1602c141cf422d51795680cd7ed153203cb8d599e422e835371f55dd4d99c3fcc1dee3dafefd16c5aa465c
1787433465.8121889 long window normal rate 906.5MHz RSSI spike: -71.5
  -> 255 377f57c30c55128c3e739c075ad3317bb4f89f84b5a016765435349244bef028e17c6e2b67cb7679ee2d83e3ac80885b08c0a705446fe9e0e7b4a273823f179f5223d826f57e9106b73da315d0614f635b15bcf10073bffaa7544f450ca9a5d66875b4136ca9f5ddd68a0047a0404c2e8bc446a8a43c87fcc0e1bcd66489551349fece690a87adf532ebc50cd16cd8e706bbbc5c727aab435a0cf7846193d5652d578f68c2983ccb91fcbd2988d9a99f7150c34e89f645b6ff90ec16168a8a3acb20b8182abdbff8dcf1478a508d1e4ef9e265bd5369a3831b184117c81049cf37d362d4a7510c01c68198c38c009c85eb152ac1ff8073432c0208bde0ad1e
1787433465.812444 long window normal rate 906.5MHz RSSI spike: -71.0
  -> 255 d27bd85ff5952382d3b91eed0530d1e9ce733fdfe320c1d3037c1aa3a4cc856f629608df4d1c8645c510af68872be3decb5eea62e8a5e4abde41f046eb69462ae550b622f13ec575cdfbd67e518d99a48a24e82ffe29d7b4195c837b4fb04edea7489ba090cb559393ef6c02b13ffd9a7dfc33aafc94ffba7740fe0ea51e998f08c78eb7639072290d93abe04834d2bffceb397c9a6654204ae97915f4c2d1c0ca9562360e5515022f6697cdf1c16ea7888723f3fa6d52020ee04968c493deef4f91e56a16f4754357e57aa2f509fb59e17934c8730b4b070f6fbebbda6ef3c706d041c1b0fe9f063450051d3bebf688f6dd62e36573205eeb2344aaa29100
1787433465.86444 long window normal rate 906.5MHz RSSI spike: -70.5
  -> 255 8df8dd5760d47775376aaea39ccb2340baf7d6974f32aa8bc198a4fa8d008829deda7c4d23f4f392fa5739e7abe1f20e35c8ed3464f9cba36131c53e766f29af6660ce496371f08de571363db668bd41742dee59e475444a23386ccd814fb861b77bab401c0db1b8d53e3561f0dc2e0cef5c50359720c1c4abfb12752fc9b17adca33f1c3c189883a1784166fe7eac482ccd8b9980102e8ac05570492ce0ce811aa7c6d84bb698a04797844f66e0c55c3edb549f10e4743e973fc8b7062fdfc7424ed5943a3f2a40018f723c96ba7c51b60109f9835fbdbd8bded8512331c0dd6ae1e90f50e3379a885cc0a3a190582572a003b8303536a37a89e136de65f2
1787433465.864681 long window normal rate 906.5MHz RSSI spike: -71.5
  -> 255 a4c1fd99f25b8d6a9189da96b49cc9c6f2515d95f95e99cbfbe3b8b1d49ed147cf40c4a453def193108021abfea27580750e874fb7f164f294527b793e633cf2676e7d154bcff86bed1eb588145f0fbec7022d4da12ecf41242e62503cf5e9c490fbbdb26768f71de6cf353abb27900e12e921713eb81f664d082d3731d65bc40a3494867cef55f607f9fc20220d981adbe1f740c0dfef250f5c0072116c44dd34fc00a949d60f46dcc503bf006d98a49443545731cd81acf235627a9e2fe35847b98492193ccf7a9d233b2e318496d241342405066ba065c809b1327e0eba5c093fb41cf2e562075238e5ac8b291708a1dea1d9867c0b23c586ef301b77c5
1787433465.864914 long window normal rate 906.5MHz RSSI spike: -71.0
  -> 255 d0cd49397fcbf86f77171f5129a41e55869c3c73d25bc4cc912907883f9bb3efb1b7412f3847d693ef0b9024325172b2267e5a87b2e8d01681510cbfa6e45aea3b066e053b6fa680e613b21327f9ab1ff4d09d9abc87f123b2abe53d03dec3c48d61832276261603973794f7e1452feadeaf25d50a581285f44240e3e3b939d57fc9b5a8195e5ba858b6752776eaae74ffeba258fd67e50d5180b15504790a0b63e1385c7c2dd845b631bbc0f1b27b0618730c12aa3e04bb2c7fb91151e085a7f2ede7032356f6002f77d192d380968b42e729379451175a8223855758afd101e6150305e32a88014779adc781fcc36d38e0d3ee61446aefe1c43c4fe3934b
1787433465.865132 long window normal rate 906.5MHz RSSI spike: -71.0
  -> 255 9bbf81f0eae45657e3009f5aab1e6d14125cd1a99a8ec08d078e117757c06043de41ea3064205b20b20644b6dfc40f9b6b73dd5cc58cd35421034ef8e0b0f03436a43280125fa4b387285a90c030b68326037d35b0a25d51715d464308dd8424f0ee0dbfa47be7b2e67a9fb9c706f3f63fa736da77bff7286f320dc1eacf2609f21b044b38e1b590651e90c7fd2a37df4afc47591c144f611a3036ae6567080ae65a9f9f726bc0ecea1c3cea590b9fafc0a53187e204e4971b49b0bec4da235789a637c8f72d9051056fb3c0a53f31e99216d3331cfc7381fc30cbe7af964fa86fd8ab404dd54c6030597b7258455edaf6b41de8cba513da1564da49bb6582
1787433465.865363 long window normal rate 906.5MHz RSSI spike: -68.5
  -> 255 61c623c263dc202241871b7e8e76799ff9d0ef20eeb1ac5db18fbc8de36a81b79bfc77effa1c91e50275fda5fcb69c5e8e2515c74da15deb082c7f35168796ec777d551a788f55e0659ad1fa3b730aae11053dbb55582c2ced0790199d54b05857d4ff31a5bd565ce6505adcb59470c199f8c6230ee4f2601e2bc0ea7afc02003656554752f3267bb4ead4ab8fa48e71b29c6d9c7f83ba10334d114f6f2d3298d63e0eacbb04ae65954f8c2220472a046c7e984e5bbaa83cd8cc1c48b3af1d5df1414310faf1b9c0d79bca319d0413e287f5c5c8e93b9e53202e321e0950dea5b8fd4daef5ded80909f3cdb019e098fe3a8d6a981c1bb14093d24bc0c1ba64
1787433465.8892312 long window normal rate 906.5MHz RSSI spike: -76.5
  -> 255 d39255663ce7c4871c64e87643c9fa4b1e1eb141c091468184fabc35c2b8c29f3d83a6ca9aa19b6d04d9216d97da770de646c7b606161867978d1bf4b3716ca3e308aea7bf25e66690dc51ef7df04bb06018bbdd3458238b5c0fcf0eb8f562571524a03f1051b43d7f96381b33484a34015320e36d6e0991e5c0b7e547d53e689e07483537ce4191c18c571000143bb9768424a48979b42e280c7d809bc40db9e37961d48e101483ff5dc3781ac114ace5a6d98957509ea4b8f0834639c45073eb9ce155c99b27812bc5b6add09c614fc7ea061ddc2f5fdf953e6e050553dab9072062c9dba4d146586839119779a407055f476b2d04365359a3acf7295deb
1787433465.889498 long window normal rate 906.5MHz RSSI spike: -74.0
  -> 255 9d7a424fdf776e5f53bac6b824f99306b1bfa582cd2a3694512d477f5edaeaa798d21d5ac783d60c8639a1008f0d06c4316b5eb3b84e9f4cf32b788dec0d3b6051030cfdd87cdfd53654a344dafc8aa43e65f0cc3649888bf1a58b2632f8bdd31cda54837a351f1806f18f6bff84578c6889eba3b7fcff854eaad27a428cf4610b0d3bc3ac79b620825157e16ceb690df5eaebce219a6bcd80d8b8cfa3e2fc55461e879866db8d881484131e33572f891f16caf5ee6122184a8d898da325e1efa4abb2fc5897e9fe4dd5bf6e9d50f46753be0206b719be06cdd9e401fcd5020b29477cb50b8332468e18882fd71ca980b862d80470c0ea5d4718d881be508b
1787433465.889743 long window normal rate 906.5MHz RSSI spike: -71.0
  -> 255 45e341fe94dd9b1d122169907f6f2381b9248676396d1e7cb387603a6092521173b1fdbebd522f22235cf797997fd2d2cbb7c7897a3a8fe8f1e8fba1c8df7c30edf2c939645cfcb6a2d9c4c1058eb9e00556f028c8e5a796c27ea31233566ecdb38795f34bba3d7ddbba78f018d2dbb9f5b2e627f2af1ba9b981f60cd2402a28c68297eaec6a88464e6f61f6dd21380bd758591ef3a58656ab5557ccd9612924bb0e152820d8ba21eac8fea05c4f429bfe203c36f71a282300aeb427ed00c6e322142b57fff3b7ab80c0ba5c85a114bc1de45aa1f1eac625df8c595a38b3b8ae9dc56005c0f9d84d857d8e217be1e2e4677aaf5dea457048efb0f6913edf7f
1787433465.889965 long window normal rate 906.5MHz RSSI spike: -69.5
  -> 255 5b27cf4cc34625bb07f6682fe04b55b0e4587243e3132b50264c41e2b11ce63c44021411e07113c5605dc1bf87f8bc1b8e7002afcaccae92b9aa0fec19d116f75153a65e873baa71d93f98931c2368570908e607b2c56c6a12d4ebb639e6d890179f1325153ee6eb8a0c870b1fd1770bc91978d4c93ae3cff8410aba42410333437aa4a2524451926f10b8bc961e18c30556ff3ed08f545aa2a0dd07da2432c0cf33c72ee0115b986d8dc4f78fdf71a5f715c2f1443c69c4d57993263787cd1d7292159a73726f4adb9bd6ed27b5692081007d245663c3914873c387c42a1c4d5080db815eb5ee9c219388f019e4261ca8330654f12f0c6e0833fa929159bf
1787433465.890213 long window normal rate 906.5MHz RSSI spike: -72.5
  -> 255 50f9a3b91b58c9f2f2230c1317f93aa022b3dda8bd390dfc988cec04c1c4bc096b430aaee7826ab54365859cef3e08bae2d8632cb759272558285a96c84e40dbd1a7335de6ea792959b18ee71da047ef0b6f72d77f089be61b1118caffb5e60d928311e02c1104bf20edaf0201137c717ba520a9b55038b9dacb9d6814c0ac145f2e665889ad8d2614d6d608b42476bbf2726f755f6ac1acb4655381e476cf326d61f2f8451408d3f2a23fe7b42320694239c3d6787e1708b75e34b0de62e2dfdfadcbf4d92538168b4cc7852097f9b9c84532c529b3e04775340e3a428d982dcaf1c20fceae1c9f8b7e82e00b435c4fd3a0fa36f00cb606f3254681e99c3c
1787433465.942233 long window normal rate 906.5MHz RSSI spike: -73.0
  -> 255 bfcd3f9f4dfa0935eb60c7095cfc19d8fa4999ecfcba1eae6df33420d74627225499b8699ba77e73618df2715819f9330e57b050e440f3c9049f33218d7666848742ae8e18abca1281239f59e0da6a5cbc23710d7b7990542c3c82e17049550ee37a45910677388c6d0f138b7fc25a99ae7b0a8e695c2a34cc34edec7c094ea34f26f918fbb307efe869ddb051474cf6537a9ea858b90eebf8285ee636783a30c986f40d4c016baffc8257f1de6f95ddb5afbc6860357431a2de3ae50fda4c6493cd74f7865ae3b43fabe6764b05b50e7883f70ca2c4efc5e6b66545d2f57897e0304706e4ee19231b75bfe0ba9e04190e6419ad5315f55471a20dec8368d0
1787433465.942477 long window normal rate 906.5MHz RSSI spike: -73.0
  -> 255 f2a56626c0f4e5187d80ee084232b3888dd3a5d18a9d162fc446c2c6472d651a1b2501a0b5f27712a19509d7a7fff899c87999079082f1e0aa60b1e594feed32b91735f7d9c0ccce6a3b7d14f32e0204a6764fd23389205554f40a0f76b1b627205c11c9866f6b7f1073eafd4977ec5a77229a6a865367486d1356a961122023336c66c60d84349d92bf201e32bf6caa89b176ae25737c6f74f035291a02ae19655174c772d586a6cb071f9f29601f6b9b32206d4afba189a77b3f4b6d907a3d155e7628bf2984aa657bdbd4041f9ee2e7474712525763e5fe72ec3dcff4c67d69c08890d26f8de1f0677d042365d44028f1a7867f7f8364c28329f8a54c7f
1787433465.942719 long window normal rate 906.5MHz RSSI spike: -71.5
  -> 255 67f77c7419f6f612d400a8054ba178275cfc3132226c2de39dfff28911b2f7365ac7e2bdae425c1e6608690318ff780524ac44b388425e9bd11e2111631d4f7faa3f04ac4d3f4b39ed2138016077ad4e53a3c5044c07330433e6c70a7cfc3158638bcf9eb640a610077e4bf7d192befdc566d9c1dc172c9864324a4494bd47be2490c44905f9a71147243e4ac9b26a525ba3b61e2f94c90448436e7bdb6d1fbc5a5516a80a26d213678c18d81d0fa35f33bd1300b8393df1884469e3e18dd23b7ef2eba0e67c2dd84bc4aef6adbc0c51c66e4b8acaf37fbc4fdbc962162ef9b397aaaa6a0a078b74c60528cd24f4f4ac6029f631c94e4f378011d557e5bb71
1787433465.942952 long window normal rate 906.5MHz RSSI spike: -72.0
  -> 255 2ec2315ddf0568aa9c667a0e240d350b209699211429956ba029bac1980895890ca892693c7f9becb4bc25a1833cc6a2cc44a4390944344c56999edcd2b28fee08df50460b1831332be8496108b2b5832c4f33ec1fa240d4842dae32c951d4298fb5ac4cf515cfd345d819868d1256c9987d4c951802c8e7dd058201c02f06b15aebf0daa7a2200a1024a800e3d4a8e4b0605a68d2c25ced8c68ca42f44a74ac989ade04625f293dc64bf3322b8ca65a7f20061958a4c0f801583fc5a998a2fa491488ebefcc6c8b119c95bb04e5bd76be70af14d30e71935ed8cae5126e251f10ab1b105e87ac1b5f82c092f65bb9d866416d991328a43204622f317d9804
1787433465.9433038 long window normal rate 906.5MHz RSSI spike: -68.0
  -> 255 24754fd625e0d038a499e8407fe788f18193168e376d68dddbb8eb1d6f5a758505d09af1e288d1555f2693a1b51f16db27b88599f3381d40f24c56fb0578e3748e5a2d3e88a19fd2909b61d124ea9cae630168307b91faabcd13f50fdb85a4ee038d5c79df26fd73dec38063dda3e5d11b01a95569e528224208891c8b9a7f60d8904a4116aaa6fe2cd4839bf09f22c4fae4ba1d234c8dc0cd7c241ed756e0201100f9caecbbcff4f2b43d48718365e5a820544e0ff6bb4ddba61701bf0899951f4923d800cce29ba357bd60e54b37cf4b3a4dcf53bb53d7f607047e7192edfb3c57e441e29ffbdaf761975392709a34af4f0f7e651adb909360d33ecc715f
1787433465.9671412 long window normal rate 906.5MHz RSSI spike: -75.0
  -> 255 695ab3cf7b3bd67b2cc2efb3ac5ee79ae0b0a931873d1dcbd1934f7a9b21a72f7eb67a6e03e267be76e5cc9baa3151eeb74ffc6c93b659be6db2f5a887f1ec13ee6a1a433e5ae43d890b3569dc123023f6637f8c9ee6c497c22d0fe0c232e7d93d1bf31332779e77e7d62a8cc9cb59a8466ff000661a41865d814ebe9a62d8f2f3d00dfeb47f6a111d4ef13bad95dcddb8784302ca83ae6943dd67110fab23e263b11960499c5fad7e967a390865d7615c8b0a4074a20ad3b3414eec21dd856ddb81fc98d55c933513885d30715d30d3e73b3a30d13c1384ca3b1cded62edb359ebcdf90169f8e86d64825732a3cc2c65279f00135180eb2e86beaeccc7453
1787433465.967394 long window normal rate 906.5MHz RSSI spike: -73.5
  -> 255 8d5900d36512fc5cd9ef213c924b475d3a0fc7e114e58e225dc201c964ebc3af977e9b539a1840b5e3f7e59811a46808b65dc3bb23440e60b0d4cac915820a9c1567826fda27b7a6db404f7ec4741c88e24e8e2e0c4c2c00fb3e187088e701fcca4847cb4161609eae100304dccea4ab1004d96faf1e72e807062997fcda4113195f2896794c9f0bd7674ac263972a19be1bd6fa971d56dadc3b34df8cd45eb7c3ab1b62d687cafc520d7005e5f7e4858084beaaade899aa9365e2471bc0fb3f4da3fc0c0a2850733d49d9b4ccb1a3df23bdf4e0646b19da77ad03c8df4f4d9a4c7ff4d2e5de64322f5b9cce2167c1ee7e48b451018bd42c6c35bbac06332d
1787433465.967655 long window normal rate 906.5MHz RSSI spike: -71.5
  -> 255 e1c55b62330ad679046901dbba86e53cd4843e6dd3e1dca6f6e055504c56be408cf9871025ff57487c0aeae25f636d2043a313073699fa9477003b213b3ca4ec54f4508644f9e1ba95b59ef53c507fd3dfccd4fa9ff1b1cabcaff605e2aa229eda633fdc78c332317cc0924e00b7a3254eea47067f331ff3b9d7761f9bd5c9cfd851e36099da653edf9bd40720b207e517cda8c85ec3e34de8de00301f24c5d9322cba60a21ac78d44e1cb6d9af628d5317191b353399c65eb901cfcc7d6810226d47ce2d306d48d73c6799ae517d46af63ff1ad6453699a392eb43e85eeb9d976384a58406aa6e77267c7cab0bd1565d355a1161c28ee2c524ea27e771de9
1787433465.9679601 long window normal rate 906.5MHz RSSI spike: -73.0
  -> 255 c724e893f4cb5b7857575433c08d2d20d6940a3c1085869ae78f7fc3a99bb88bb69c87cc80ab39eccb8c46bd5795fa5f1f53762741f1d564c92b21a9cdb349bbc92ab5835a8f5994bb990fc2273166dc2e6a2710f55d110b7cd5d73ba13bb5766a65c9f09221ad639c5e6f134d31724f9288dc34b09826aa2eb18a3c02f2c706b8829e357c3dc408c63dc099d2086f6b6a6c6d0aff14426fb51fe902b0681f7c3223e67fb2b7fef27df299ad21bf31125b5adb42a30fb241b95446429a8c2417d59f401771bb836d2f7f264f45073d027e421a061f211fdf9a6d9ea1e7dc1e1470f47bbc504c56d8c703e81d9c5dce8c426f61e9e3ffaf1f8dfe06d29bff8b
  ...heartbeat: 800000 iters, 201.7s elapsed, 45 hits so far
  ...heartbeat: 820000 iters, 206.4s elapsed, 45 hits so far
  ...heartbeat: 840000 iters, 211.3s elapsed, 45 hits so far
  ...heartbeat: 860000 iters, 215.9s elapsed, 45 hits so far
  ...heartbeat: 880000 iters, 220.6s elapsed, 45 hits so far
  ...heartbeat: 900000 iters, 225.3s elapsed, 45 hits so far
  ...heartbeat: 920000 iters, 230.0s elapsed, 45 hits so far
  ...heartbeat: 940000 iters, 234.7s elapsed, 45 hits so far
  ...heartbeat: 960000 iters, 239.4s elapsed, 45 hits so far
Done. 45 captures out of 962713 iterations in 240.0s.
===== RESETUP set from recv thread
Error in resetup():Exception('No Dongle Found.  Please insert a RFCAT dongle.')
